Archive member included to satisfy reference by file (symbol)

app/libapp.a(main.c.obj)      (--whole-archive)
zephyr/libzephyr.a(cbprintf_packaged.c.obj)
                              (--whole-archive)
zephyr/libzephyr.a(dec.c.obj)
                              (--whole-archive)
zephyr/libzephyr.a(hex.c.obj)
                              (--whole-archive)
zephyr/libzephyr.a(printk.c.obj)
                              (--whole-archive)
zephyr/libzephyr.a(rb.c.obj)  (--whole-archive)
zephyr/libzephyr.a(sem.c.obj)
                              (--whole-archive)
zephyr/libzephyr.a(thread_entry.c.obj)
                              (--whole-archive)
zephyr/libzephyr.a(timeutil.c.obj)
                              (--whole-archive)
zephyr/libzephyr.a(heap.c.obj)
                              (--whole-archive)
zephyr/libzephyr.a(heap-validate.c.obj)
                              (--whole-archive)
zephyr/libzephyr.a(bitarray.c.obj)
                              (--whole-archive)
zephyr/libzephyr.a(multi_heap.c.obj)
                              (--whole-archive)
zephyr/libzephyr.a(onoff.c.obj)
                              (--whole-archive)
zephyr/libzephyr.a(notify.c.obj)
                              (--whole-archive)
zephyr/libzephyr.a(cbprintf_complete.c.obj)
                              (--whole-archive)
zephyr/libzephyr.a(assert.c.obj)
                              (--whole-archive)
zephyr/libzephyr.a(mpsc_pbuf.c.obj)
                              (--whole-archive)
zephyr/libzephyr.a(configs.c.obj)
                              (--whole-archive)
zephyr/libzephyr.a(log_core.c.obj)
                              (--whole-archive)
zephyr/libzephyr.a(log_mgmt.c.obj)
                              (--whole-archive)
zephyr/libzephyr.a(log_cache.c.obj)
                              (--whole-archive)
zephyr/libzephyr.a(log_msg.c.obj)
                              (--whole-archive)
zephyr/libzephyr.a(log_output.c.obj)
                              (--whole-archive)
zephyr/libzephyr.a(log_backend_uart.c.obj)
                              (--whole-archive)
zephyr/libzephyr.a(mem_attr.c.obj)
                              (--whole-archive)
zephyr/libzephyr.a(tracing_none.c.obj)
                              (--whole-archive)
zephyr/arch/common/libarch__common.a(sw_isr_common.c.obj)
                              (--whole-archive)
zephyr/arch/arch/arm/core/libarch__arm__core.a(fatal.c.obj)
                              (--whole-archive)
zephyr/arch/arch/arm/core/libarch__arm__core.a(nmi.c.obj)
                              (--whole-archive)
zephyr/arch/arch/arm/core/libarch__arm__core.a(nmi_on_reset.S.obj)
                              (--whole-archive)
zephyr/arch/arch/arm/core/libarch__arm__core.a(tls.c.obj)
                              (--whole-archive)
zephyr/arch/arch/arm/core/cortex_m/libarch__arm__core__cortex_m.a(exc_exit.S.obj)
                              (--whole-archive)
zephyr/arch/arch/arm/core/cortex_m/libarch__arm__core__cortex_m.a(fault.c.obj)
                              (--whole-archive)
zephyr/arch/arch/arm/core/cortex_m/libarch__arm__core__cortex_m.a(fault_s.S.obj)
                              (--whole-archive)
zephyr/arch/arch/arm/core/cortex_m/libarch__arm__core__cortex_m.a(fpu.c.obj)
                              (--whole-archive)
zephyr/arch/arch/arm/core/cortex_m/libarch__arm__core__cortex_m.a(reset.S.obj)
                              (--whole-archive)
zephyr/arch/arch/arm/core/cortex_m/libarch__arm__core__cortex_m.a(scb.c.obj)
                              (--whole-archive)
zephyr/arch/arch/arm/core/cortex_m/libarch__arm__core__cortex_m.a(thread_abort.c.obj)
                              (--whole-archive)
zephyr/arch/arch/arm/core/cortex_m/libarch__arm__core__cortex_m.a(vector_table.S.obj)
                              (--whole-archive)
zephyr/arch/arch/arm/core/cortex_m/libarch__arm__core__cortex_m.a(swap.c.obj)
                              (--whole-archive)
zephyr/arch/arch/arm/core/cortex_m/libarch__arm__core__cortex_m.a(swap_helper.S.obj)
                              (--whole-archive)
zephyr/arch/arch/arm/core/cortex_m/libarch__arm__core__cortex_m.a(irq_manage.c.obj)
                              (--whole-archive)
zephyr/arch/arch/arm/core/cortex_m/libarch__arm__core__cortex_m.a(prep_c.c.obj)
                              (--whole-archive)
zephyr/arch/arch/arm/core/cortex_m/libarch__arm__core__cortex_m.a(thread.c.obj)
                              (--whole-archive)
zephyr/arch/arch/arm/core/cortex_m/libarch__arm__core__cortex_m.a(cpu_idle.S.obj)
                              (--whole-archive)
zephyr/arch/arch/arm/core/cortex_m/libarch__arm__core__cortex_m.a(irq_init.c.obj)
                              (--whole-archive)
zephyr/arch/arch/arm/core/cortex_m/libarch__arm__core__cortex_m.a(isr_wrapper.S.obj)
                              (--whole-archive)
zephyr/arch/arch/arm/core/cortex_m/libarch__arm__core__cortex_m.a(__aeabi_read_tp.S.obj)
                              (--whole-archive)
[...]
Memory Configuration

Name             Origin             Length             Attributes
FLASH            0x0000000000050000 0x0000000000030000 xr
RAM              0x0000000020040000 0x0000000000030000 xw
IDT_LIST         0x00000000ffff7fff 0x0000000000008000 xw
*default*        0x0000000000000000 0xffffffffffffffff

Linker script and memory map

                0x00000000000579ec                vfprintf = __d_vfprintf
                0x0000000000000000                vfscanf = __d_vfscanf
LOAD zephyr/CMakeFiles/zephyr_pre0.dir/misc/empty_file.c.obj
LOAD zephyr/CMakeFiles/offsets.dir/./arch/arm/core/offsets/offsets.c.obj
LOAD app/libapp.a
LOAD zephyr/libzephyr.a
LOAD zephyr/arch/common/libarch__common.a
LOAD zephyr/arch/arch/arm/core/libarch__arm__core.a
LOAD zephyr/arch/arch/arm/core/cortex_m/libarch__arm__core__cortex_m.a
LOAD zephyr/arch/arch/arm/core/cortex_m/cmse/libarch__arm__core__cortex_m__cmse.a
LOAD zephyr/arch/arch/arm/core/mpu/libarch__arm__core__mpu.a
LOAD zephyr/lib/libc/picolibc/liblib__libc__picolibc.a
LOAD zephyr/lib/libc/common/liblib__libc__common.a
LOAD zephyr/soc/soc/arm/nordic_nrf/libsoc__arm__nordic_nrf.a
LOAD zephyr/drivers/clock_control/libdrivers__clock_control.a
LOAD zephyr/drivers/console/libdrivers__console.a
LOAD zephyr/drivers/gpio/libdrivers__gpio.a
LOAD zephyr/drivers/mbox/libdrivers__mbox.a
LOAD zephyr/drivers/pinctrl/libdrivers__pinctrl.a
LOAD zephyr/drivers/serial/libdrivers__serial.a
LOAD zephyr/drivers/spi/libdrivers__spi.a
LOAD zephyr/drivers/timer/libdrivers__timer.a
LOAD modules/hal_nordic/nrfx/libmodules__hal_nordic__nrfx.a
LOAD zephyr/kernel/libkernel.a
LOAD /root/zephyr-sdk-0.17.0/arm-zephyr-eabi/bin/../lib/gcc/arm-zephyr-eabi/12.2.0/thumb/v8-m.main/nofp/libgcc.a
LOAD zephyr/arch/common/libisr_tables.a
LOAD /root/zephyr-sdk-0.17.0/arm-zephyr-eabi/bin/../lib/gcc/../../picolibc/arm-zephyr-eabi/lib/thumb/v8-m.main/nofp/libc.a
LOAD /root/zephyr-sdk-0.17.0/arm-zephyr-eabi/bin/../lib/gcc/arm-zephyr-eabi/12.2.0/thumb/v8-m.main/nofp/libgcc.a
                0x0000000000000020                _region_min_align = 0x20

.rel.plt        0x0000000000050000        0x0
 *(SORT_BY_ALIGNMENT(.rel.plt))
                [!provide]                        PROVIDE (__rel_iplt_start = .)
 *(SORT_BY_ALIGNMENT(.rel.iplt))
 .rel.iplt      0x0000000000050000        0x0 app/libapp.a(main.c.obj)
                [!provide]                        PROVIDE (__rel_iplt_end = .)

.rela.plt       0x0000000000000000        0x0
 *(SORT_BY_ALIGNMENT(.rela.plt))
                [!provide]                        PROVIDE (__rela_iplt_start = .)
 *(SORT_BY_ALIGNMENT(.rela.iplt))
                [!provide]                        PROVIDE (__rela_iplt_end = .)

.rel.dyn
 *(SORT_BY_ALIGNMENT(.rel.*))

.rela.dyn
 *(SORT_BY_ALIGNMENT(.rela.*))

/DISCARD/
 *(SORT_BY_ALIGNMENT(.plt))

/DISCARD/
 *(SORT_BY_ALIGNMENT(.iplt))
                0x0000000000050000                __rom_region_start = 0x50000

rom_start       0x0000000000050000      0x154
                0x0000000000050000                __rom_start_address = .
 FILL mask 0x00
                0x0000000000050000                . = (. + (0x0 - (. - __rom_start_address)))
                0x0000000000050000                . = ALIGN (0x4)
                0x0000000000050000                . = ALIGN (0x80)
                0x0000000000050000                . = ALIGN (0x200)
                0x0000000000050000                _vector_start = .
 *(SORT_BY_ALIGNMENT(.exc_vector_table))
 *(SORT_BY_ALIGNMENT(.exc_vector_table.*))
 .exc_vector_table._vector_table_section
                0x0000000000050000       0x40 zephyr/arch/arch/arm/core/cortex_m/libarch__arm__core__cortex_m.a(vector_table.S.obj)
                0x0000000000050000                _vector_table
 *(SORT_BY_ALIGNMENT(.vectors))
                0x0000000000050154                _vector_end = .
                0x0000000000050040                . = ALIGN (0x4)
 *(SORT_BY_ALIGNMENT(.gnu.linkonce.irq_vector_table*))
 .gnu.linkonce.irq_vector_table
                0x0000000000050040      0x114 zephyr/arch/common/libisr_tables.a(isr_tables.c.obj)
                0x0000000000050040                _irq_vector_table
                0x0000000000050154                _vector_end = .

text            0x0000000000050154     0xa240
                0x0000000000050154                __text_region_start = .
 *(SORT_BY_ALIGNMENT(.text))
 .text          0x0000000000050154      0x378 /root/zephyr-sdk-0.17.0/arm-zephyr-eabi/bin/../lib/gcc/arm-zephyr-eabi/12.2.0/thumb/v8-m.main/nofp/libgcc.a(_arm_addsubdf3.o)
                0x0000000000050154                __aeabi_drsub
                0x000000000005015c                __aeabi_dsub
                0x000000000005015c                __subdf3
                0x0000000000050160                __adddf3
                0x0000000000050160                __aeabi_dadd
                0x00000000000503d8                __aeabi_ui2d
                0x00000000000503d8                __floatunsidf
                0x00000000000503f8                __floatsidf
                0x00000000000503f8                __aeabi_i2d
                0x000000000005041c                __extendsfdf2
                0x000000000005041c                __aeabi_f2d
                0x0000000000050460                __aeabi_ul2d
                0x0000000000050460                __floatundidf
                0x0000000000050470                __floatdidf
                0x0000000000050470                __aeabi_l2d
 .text          0x00000000000504cc      0x21c /root/zephyr-sdk-0.17.0/arm-zephyr-eabi/bin/../lib/gcc/arm-zephyr-eabi/12.2.0/thumb/v8-m.main/nofp/libgcc.a(_arm_addsubsf3.o)
                0x00000000000504cc                __aeabi_frsub
                0x00000000000504d4                __subsf3
                0x00000000000504d4                __aeabi_fsub
                0x00000000000504d8                __aeabi_fadd
                0x00000000000504d8                __addsf3
                0x0000000000050638                __aeabi_ui2f
                0x0000000000050638                __floatunsisf
                0x0000000000050640                __aeabi_i2f
                0x0000000000050640                __floatsisf
                0x000000000005065c                __floatundisf
                0x000000000005065c                __aeabi_ul2f
                0x000000000005066c                __floatdisf
                0x000000000005066c                __aeabi_l2f
 .text          0x00000000000506e8      0x2a0 /root/zephyr-sdk-0.17.0/arm-zephyr-eabi/bin/../lib/gcc/arm-zephyr-eabi/12.2.0/thumb/v8-m.main/nofp/libgcc.a(_arm_muldivsf3.o)
                0x00000000000506e8                __mulsf3
                0x00000000000506e8                __aeabi_fmul
                0x0000000000050850                __divsf3
                0x0000000000050850                __aeabi_fdiv
 .text          0x0000000000050988       0xa0 /root/zephyr-sdk-0.17.0/arm-zephyr-eabi/bin/../lib/gcc/arm-zephyr-eabi/12.2.0/thumb/v8-m.main/nofp/libgcc.a(_aeabi_ldivmod.o)
                0x0000000000050988                __aeabi_ldivmod
 .text          0x0000000000050a28       0x30 /root/zephyr-sdk-0.17.0/arm-zephyr-eabi/bin/../lib/gcc/arm-zephyr-eabi/12.2.0/thumb/v8-m.main/nofp/libgcc.a(_aeabi_uldivmod.o)
                0x0000000000050a28                __aeabi_uldivmod
 .text          0x0000000000050a58        0x4 /root/zephyr-sdk-0.17.0/arm-zephyr-eabi/bin/../lib/gcc/arm-zephyr-eabi/12.2.0/thumb/v8-m.main/nofp/libgcc.a(_dvmd_tls.o)
                0x0000000000050a58                __aeabi_ldiv0
                0x0000000000050a58                __aeabi_idiv0
 .text          0x0000000000050a5c      0x29c /root/zephyr-sdk-0.17.0/arm-zephyr-eabi/bin/../lib/gcc/arm-zephyr-eabi/12.2.0/thumb/v8-m.main/nofp/libgcc.a(_udivmoddi4.o)
                0x0000000000050a5c                __udivmoddi4
 .text          0x0000000000050cf8       0x10 /root/zephyr-sdk-0.17.0/arm-zephyr-eabi/bin/../lib/gcc/../../picolibc/arm-zephyr-eabi/lib/thumb/v8-m.main/nofp/libc.a(strlen.S.o)
                0x0000000000050cf8                strlen
 *(SORT_BY_ALIGNMENT(.text.*))
 .text.bme_read_reg
                0x0000000000050d08       0x58 app/libapp.a(main.c.obj)
 .text.bme_write_reg.isra.0
                0x0000000000050d60       0x50 app/libapp.a(main.c.obj)
 .text.bme_calibrationdata
                0x0000000000050db0      0x480 app/libapp.a(main.c.obj)
                0x0000000000050db0                bme_calibrationdata
 .text.bme_print_registers
                0x0000000000051230      0x128 app/libapp.a(main.c.obj)
                0x0000000000051230                bme_print_registers
 .text.bme_read_sample
                0x0000000000051358      0x378 app/libapp.a(main.c.obj)
                0x0000000000051358                bme_read_sample
 .text.main     0x00000000000516d0       0xa4 app/libapp.a(main.c.obj)
                0x00000000000516d0                main
 .text.cbvprintf_package
                0x0000000000051774      0x3a4 zephyr/libzephyr.a(cbprintf_packaged.c.obj)
                0x0000000000051774                cbvprintf_package
 .text.cbprintf_package_convert
                0x0000000000051b18      0x3b4 zephyr/libzephyr.a(cbprintf_packaged.c.obj)
                0x0000000000051b18                cbprintf_package_convert
 .text.__printk_hook_install
                0x0000000000051ecc        0xc zephyr/libzephyr.a(printk.c.obj)
                0x0000000000051ecc                __printk_hook_install
 .text.z_thread_entry
                0x0000000000051ed8       0x34 zephyr/libzephyr.a(thread_entry.c.obj)
                0x0000000000051ed8                z_thread_entry
 .text.process_event
                0x0000000000051f0c      0x21c zephyr/libzephyr.a(onoff.c.obj)
 .text.activate_foreach_backend
                0x0000000000052128       0x64 zephyr/libzephyr.a(log_core.c.obj)
 .text.enable_logger
                0x000000000005218c       0x5c zephyr/libzephyr.a(log_core.c.obj)
 .text.log_process_thread_timer_expiry_fn
                0x00000000000521e8        0xc zephyr/libzephyr.a(log_core.c.obj)
 .text.z_log_init
                0x00000000000521f4       0x90 zephyr/libzephyr.a(log_core.c.obj)
 .text.log_format_func_t_get
                0x0000000000052284        0xc zephyr/libzephyr.a(log_core.c.obj)
                0x0000000000052284                log_format_func_t_get
 .text.log_set_timestamp_func
                0x0000000000052290       0x20 zephyr/libzephyr.a(log_core.c.obj)
                0x0000000000052290                log_set_timestamp_func
 .text.z_log_notify_backend_enabled
                0x00000000000522b0       0x1c zephyr/libzephyr.a(log_core.c.obj)
                0x00000000000522b0                z_log_notify_backend_enabled
 .text.z_log_dropped
                0x00000000000522cc       0x28 zephyr/libzephyr.a(log_core.c.obj)
                0x00000000000522cc                z_log_dropped
 .text.z_log_dropped_read_and_clear
                0x00000000000522f4       0x18 zephyr/libzephyr.a(log_core.c.obj)
                0x00000000000522f4                z_log_dropped_read_and_clear
 .text.dropped_notify
                0x000000000005230c       0x30 zephyr/libzephyr.a(log_core.c.obj)
                0x000000000005230c                dropped_notify
 .text.z_log_msg_init
                0x000000000005233c       0x20 zephyr/libzephyr.a(log_core.c.obj)
                0x000000000005233c                z_log_msg_init
 .text.log_core_init
                0x000000000005235c       0x34 zephyr/libzephyr.a(log_core.c.obj)
                0x000000000005235c                log_core_init
 .text.z_log_msg_alloc
                0x0000000000052390       0x10 zephyr/libzephyr.a(log_core.c.obj)
                0x0000000000052390                z_log_msg_alloc
 .text.z_log_msg_local_claim
                0x00000000000523a0        0xc zephyr/libzephyr.a(log_core.c.obj)
                0x00000000000523a0                z_log_msg_local_claim
 .text.z_log_msg_free
                0x00000000000523ac       0x10 zephyr/libzephyr.a(log_core.c.obj)
                0x00000000000523ac                z_log_msg_free
 .text.z_log_msg_pending
                0x00000000000523bc        0xc zephyr/libzephyr.a(log_core.c.obj)
                0x00000000000523bc                z_log_msg_pending
 .text.z_impl_log_process
                0x00000000000523c8       0xb4 zephyr/libzephyr.a(log_core.c.obj)
                0x00000000000523c8                z_impl_log_process
 .text.z_impl_log_panic
                0x000000000005247c       0x44 zephyr/libzephyr.a(log_core.c.obj)
                0x000000000005247c                z_impl_log_panic
 .text.log_process_thread_func
                0x00000000000524c0       0xa4 zephyr/libzephyr.a(log_core.c.obj)
 .text.z_log_msg_post_finalize
                0x0000000000052564       0x78 zephyr/libzephyr.a(log_core.c.obj)
 .text.z_log_msg_commit
                0x00000000000525dc       0x24 zephyr/libzephyr.a(log_core.c.obj)
                0x00000000000525dc                z_log_msg_commit
 .text.log_source_name_get
                0x0000000000052600       0x1c zephyr/libzephyr.a(log_mgmt.c.obj)
                0x0000000000052600                log_source_name_get
 .text.log_backend_enable
                0x000000000005261c       0x28 zephyr/libzephyr.a(log_mgmt.c.obj)
                0x000000000005261c                log_backend_enable
 .text.z_impl_z_log_msg_static_create
                0x0000000000052644      0x108 zephyr/libzephyr.a(log_msg.c.obj)
                0x0000000000052644                z_impl_z_log_msg_static_create
 .text.z_log_msg_runtime_vcreate
                0x000000000005274c       0x8c zephyr/libzephyr.a(log_msg.c.obj)
                0x000000000005274c                z_log_msg_runtime_vcreate
 .text.print_formatted
                0x00000000000527d8       0x24 zephyr/libzephyr.a(log_output.c.obj)
 .text.newline_print
                0x00000000000527fc       0x1c zephyr/libzephyr.a(log_output.c.obj)
 .text.log_output_process
                0x0000000000052818      0x2a4 zephyr/libzephyr.a(log_output.c.obj)
                0x0000000000052818                log_output_process
 .text.log_output_msg_process
                0x0000000000052abc       0x70 zephyr/libzephyr.a(log_output.c.obj)
                0x0000000000052abc                log_output_msg_process
 .text.log_output_dropped_process
                0x0000000000052b2c       0x58 zephyr/libzephyr.a(log_output.c.obj)
                0x0000000000052b2c                log_output_dropped_process
 .text.log_output_timestamp_freq_set
                0x0000000000052b84       0x2c zephyr/libzephyr.a(log_output.c.obj)
                0x0000000000052b84                log_output_timestamp_freq_set
 .text.char_out
                0x0000000000052bb0       0x24 zephyr/libzephyr.a(log_backend_uart.c.obj)
 .text.mem_attr_get_regions
                0x0000000000052bd4        0xc zephyr/libzephyr.a(mem_attr.c.obj)
                0x0000000000052bd4                mem_attr_get_regions
 .text.z_arm_fatal_error
                0x0000000000052be0       0xa0 zephyr/arch/arch/arm/core/libarch__arm__core.a(fatal.c.obj)
                0x0000000000052be0                z_arm_fatal_error
 .text.z_SysNmiOnReset
                0x0000000000052c80        0x8 zephyr/arch/arch/arm/core/libarch__arm__core.a(nmi_on_reset.S.obj)
                0x0000000000052c80                z_SysNmiOnReset
 .text.arch_tls_stack_setup
                0x0000000000052c88       0x5c zephyr/arch/arch/arm/core/libarch__arm__core.a(tls.c.obj)
                0x0000000000052c88                arch_tls_stack_setup
 .text._HandlerModeExit
                0x0000000000052ce4       0x1c zephyr/arch/arch/arm/core/cortex_m/libarch__arm__core__cortex_m.a(exc_exit.S.obj)
                0x0000000000052ce4                z_arm_exc_exit
                0x0000000000052ce4                z_arm_int_exit
 .text.mem_manage_fault.constprop.0
                0x0000000000052d00       0xd0 zephyr/arch/arch/arm/core/cortex_m/libarch__arm__core__cortex_m.a(fault.c.obj)
 .text.usage_fault.constprop.0
                0x0000000000052dd0       0xbc zephyr/arch/arch/arm/core/cortex_m/libarch__arm__core__cortex_m.a(fault.c.obj)
 .text.bus_fault.constprop.0
                0x0000000000052e8c       0xd0 zephyr/arch/arch/arm/core/cortex_m/libarch__arm__core__cortex_m.a(fault.c.obj)
 .text.z_arm_fault
                0x0000000000052f5c      0x1e0 zephyr/arch/arch/arm/core/cortex_m/libarch__arm__core__cortex_m.a(fault.c.obj)
                0x0000000000052f5c                z_arm_fault
 .text.z_arm_fault_init
                0x000000000005313c       0x18 zephyr/arch/arch/arm/core/cortex_m/libarch__arm__core__cortex_m.a(fault.c.obj)
                0x000000000005313c                z_arm_fault_init
 .text.__fault  0x0000000000053154       0x14 zephyr/arch/arch/arm/core/cortex_m/libarch__arm__core__cortex_m.a(fault_s.S.obj)
                0x0000000000053154                z_arm_bus_fault
                0x0000000000053154                z_arm_usage_fault
                0x0000000000053154                z_arm_mpu_fault
                0x0000000000053154                z_arm_exc_spurious
                0x0000000000053154                z_arm_debug_monitor
                0x0000000000053154                z_arm_hard_fault
 .text._reset_section
                0x0000000000053168       0x60 zephyr/arch/arch/arm/core/cortex_m/libarch__arm__core__cortex_m.a(reset.S.obj)
                0x0000000000053168                z_arm_reset
                0x0000000000053168                __start
 .text.z_arm_clear_arm_mpu_config
                0x00000000000531c8       0x24 zephyr/arch/arch/arm/core/cortex_m/libarch__arm__core__cortex_m.a(scb.c.obj)
                0x00000000000531c8                z_arm_clear_arm_mpu_config
 .text.z_arm_init_arch_hw_at_boot
                0x00000000000531ec       0x4c zephyr/arch/arch/arm/core/cortex_m/libarch__arm__core__cortex_m.a(scb.c.obj)
                0x00000000000531ec                z_arm_init_arch_hw_at_boot
 .text.z_impl_k_thread_abort
                0x0000000000053238       0x2c zephyr/arch/arch/arm/core/cortex_m/libarch__arm__core__cortex_m.a(thread_abort.c.obj)
                0x0000000000053238                z_impl_k_thread_abort
 .text.arch_swap
                0x0000000000053264       0x30 zephyr/arch/arch/arm/core/cortex_m/libarch__arm__core__cortex_m.a(swap.c.obj)
                0x0000000000053264                arch_swap
 .text.z_arm_pendsv
                0x0000000000053294       0x68 zephyr/arch/arch/arm/core/cortex_m/libarch__arm__core__cortex_m.a(swap_helper.S.obj)
                0x0000000000053294                z_arm_pendsv
 .text.z_arm_svc
                0x00000000000532fc       0x20 zephyr/arch/arch/arm/core/cortex_m/libarch__arm__core__cortex_m.a(swap_helper.S.obj)
                0x00000000000532fc                z_arm_svc
 .text.arch_irq_enable
                0x000000000005331c       0x1c zephyr/arch/arch/arm/core/cortex_m/libarch__arm__core__cortex_m.a(irq_manage.c.obj)
                0x000000000005331c                arch_irq_enable
 .text.arch_irq_disable
                0x0000000000053338       0x28 zephyr/arch/arch/arm/core/cortex_m/libarch__arm__core__cortex_m.a(irq_manage.c.obj)
                0x0000000000053338                arch_irq_disable
 .text.arch_irq_is_enabled
                0x0000000000053360       0x1c zephyr/arch/arch/arm/core/cortex_m/libarch__arm__core__cortex_m.a(irq_manage.c.obj)
                0x0000000000053360                arch_irq_is_enabled
 .text.z_arm_irq_priority_set
                0x000000000005337c       0x2c zephyr/arch/arch/arm/core/cortex_m/libarch__arm__core__cortex_m.a(irq_manage.c.obj)
                0x000000000005337c                z_arm_irq_priority_set
 .text.z_arm_prep_c
                0x00000000000533a8       0x38 zephyr/arch/arch/arm/core/cortex_m/libarch__arm__core__cortex_m.a(prep_c.c.obj)
                0x00000000000533a8                z_arm_prep_c
 .text.arch_new_thread
                0x00000000000533e0       0x38 zephyr/arch/arch/arm/core/cortex_m/libarch__arm__core__cortex_m.a(thread.c.obj)
                0x00000000000533e0                arch_new_thread
 .text.arch_switch_to_main_thread
                0x0000000000053418       0x34 zephyr/arch/arch/arm/core/cortex_m/libarch__arm__core__cortex_m.a(thread.c.obj)
                0x0000000000053418                arch_switch_to_main_thread
 .text.z_arm_cpu_idle_init
                0x000000000005344c        0xc zephyr/arch/arch/arm/core/cortex_m/libarch__arm__core__cortex_m.a(cpu_idle.S.obj)
                0x000000000005344c                z_arm_cpu_idle_init
 .text.arch_cpu_idle
                0x0000000000053458       0x38 zephyr/arch/arch/arm/core/cortex_m/libarch__arm__core__cortex_m.a(cpu_idle.S.obj)
                0x0000000000053458                arch_cpu_idle
 .text.arch_cpu_atomic_idle
                0x0000000000053490       0x34 zephyr/arch/arch/arm/core/cortex_m/libarch__arm__core__cortex_m.a(cpu_idle.S.obj)
                0x0000000000053490                arch_cpu_atomic_idle
 .text.z_arm_interrupt_init
                0x00000000000534c4       0x18 zephyr/arch/arch/arm/core/cortex_m/libarch__arm__core__cortex_m.a(irq_init.c.obj)
                0x00000000000534c4                z_arm_interrupt_init
 .text._isr_wrapper
                0x00000000000534dc       0x28 zephyr/arch/arch/arm/core/cortex_m/libarch__arm__core__cortex_m.a(isr_wrapper.S.obj)
                0x00000000000534dc                _isr_wrapper
 .text.z_arm_configure_static_mpu_regions
                0x0000000000053504       0x38 zephyr/arch/arch/arm/core/mpu/libarch__arm__core__mpu.a(arm_core_mpu.c.obj)
                0x0000000000053504                z_arm_configure_static_mpu_regions
 .text.region_init
                0x000000000005353c       0x34 zephyr/arch/arch/arm/core/mpu/libarch__arm__core__mpu.a(arm_mpu.c.obj)
 .text.region_allocate_and_init
                0x0000000000053570       0x28 zephyr/arch/arch/arm/core/mpu/libarch__arm__core__mpu.a(arm_mpu.c.obj)
 .text.mpu_configure_regions_and_partition.constprop.0
                0x0000000000053598      0x164 zephyr/arch/arch/arm/core/mpu/libarch__arm__core__mpu.a(arm_mpu.c.obj)
 .text.arm_core_mpu_enable
                0x00000000000536fc       0x18 zephyr/arch/arch/arm/core/mpu/libarch__arm__core__mpu.a(arm_mpu.c.obj)
                0x00000000000536fc                arm_core_mpu_enable
 .text.arm_core_mpu_disable
                0x0000000000053714       0x14 zephyr/arch/arch/arm/core/mpu/libarch__arm__core__mpu.a(arm_mpu.c.obj)
                0x0000000000053714                arm_core_mpu_disable
 .text.arm_core_mpu_configure_static_mpu_regions
                0x0000000000053728       0x14 zephyr/arch/arch/arm/core/mpu/libarch__arm__core__mpu.a(arm_mpu.c.obj)
                0x0000000000053728                arm_core_mpu_configure_static_mpu_regions
 .text.arm_core_mpu_mark_areas_for_dynamic_regions
                0x000000000005373c       0xb8 zephyr/arch/arch/arm/core/mpu/libarch__arm__core__mpu.a(arm_mpu.c.obj)
                0x000000000005373c                arm_core_mpu_mark_areas_for_dynamic_regions
 .text.z_arm_mpu_init
                0x00000000000537f4      0x108 zephyr/arch/arch/arm/core/mpu/libarch__arm__core__mpu.a(arm_mpu.c.obj)
                0x00000000000537f4                z_arm_mpu_init
 .text.z_impl_zephyr_fputc
                0x00000000000538fc       0x10 zephyr/lib/libc/picolibc/liblib__libc__picolibc.a(libc-hooks.c.obj)
                0x00000000000538fc                z_impl_zephyr_fputc
 .text.__stdout_hook_install
                0x000000000005390c       0x18 zephyr/lib/libc/picolibc/liblib__libc__picolibc.a(libc-hooks.c.obj)
                0x000000000005390c                __stdout_hook_install
 .text.cbvprintf
                0x0000000000053924       0x38 zephyr/lib/libc/picolibc/liblib__libc__picolibc.a(libc-hooks.c.obj)
                0x0000000000053924                cbvprintf
 .text.malloc_prepare
                0x000000000005395c       0x24 zephyr/lib/libc/common/liblib__libc__common.a(malloc.c.obj)
 .text.rtc_pretick_init
                0x0000000000053980       0x60 zephyr/soc/soc/arm/nordic_nrf/libsoc__arm__nordic_nrf.a(soc.c.obj)
 .text.z_arm_on_enter_cpu_idle
                0x00000000000539e0       0x68 zephyr/soc/soc/arm/nordic_nrf/libsoc__arm__nordic_nrf.a(soc.c.obj)
                0x00000000000539e0                z_arm_on_enter_cpu_idle
 .text.arch_busy_wait
                0x0000000000053a48       0x24 zephyr/soc/soc/arm/nordic_nrf/libsoc__arm__nordic_nrf.a(soc.c.obj)
                0x0000000000053a48                arch_busy_wait
 .text.rtc_cb   0x0000000000053a6c       0x40 zephyr/soc/soc/arm/nordic_nrf/libsoc__arm__nordic_nrf.a(sync_rtc.c.obj)
 .text.sync_rtc_setup
                0x0000000000053aac       0xbc zephyr/soc/soc/arm/nordic_nrf/libsoc__arm__nordic_nrf.a(sync_rtc.c.obj)
 .text.mbox_callback
                0x0000000000053b68       0x80 zephyr/soc/soc/arm/nordic_nrf/libsoc__arm__nordic_nrf.a(sync_rtc.c.obj)
 .text.z_arm_platform_init
                0x0000000000053be8        0x4 zephyr/soc/soc/arm/nordic_nrf/libsoc__arm__nordic_nrf.a(soc_nrf_common.S.obj)
                0x0000000000053be8                z_arm_platform_init
 .text.onoff_stop
                0x0000000000053bec       0x30 zephyr/drivers/clock_control/libdrivers__clock_control.a(clock_control_nrf.c.obj)
 .text.onoff_start
                0x0000000000053c1c       0x44 zephyr/drivers/clock_control/libdrivers__clock_control.a(clock_control_nrf.c.obj)
 .text.clk_init
                0x0000000000053c60       0x64 zephyr/drivers/clock_control/libdrivers__clock_control.a(clock_control_nrf.c.obj)
 .text.clkstarted_handle.constprop.0
                0x0000000000053cc4       0x34 zephyr/drivers/clock_control/libdrivers__clock_control.a(clock_control_nrf.c.obj)
 .text.clock_event_handler
                0x0000000000053cf8       0x30 zephyr/drivers/clock_control/libdrivers__clock_control.a(clock_control_nrf.c.obj)
 .text.generic_hfclk_start
                0x0000000000053d28       0x64 zephyr/drivers/clock_control/libdrivers__clock_control.a(clock_control_nrf.c.obj)
 .text.api_blocking_start
                0x0000000000053d8c       0x34 zephyr/drivers/clock_control/libdrivers__clock_control.a(clock_control_nrf.c.obj)
 .text.generic_hfclk_stop
                0x0000000000053dc0       0x34 zephyr/drivers/clock_control/libdrivers__clock_control.a(clock_control_nrf.c.obj)
 .text.z_nrf_clock_control_lf_on
                0x0000000000053df4       0xf8 zephyr/drivers/clock_control/libdrivers__clock_control.a(clock_control_nrf.c.obj)
                0x0000000000053df4                z_nrf_clock_control_lf_on
 .text.uart_console_init
                0x0000000000053eec       0x28 zephyr/drivers/console/libdrivers__console.a(uart_console.c.obj)
 .text.console_out
                0x0000000000053f14       0x28 zephyr/drivers/console/libdrivers__console.a(uart_console.c.obj)
 .text.gpio_nrfx_pin_interrupt_configure
                0x0000000000053f3c      0x100 zephyr/drivers/gpio/libdrivers__gpio.a(gpio_nrfx.c.obj)
 .text.gpio_nrfx_init
                0x000000000005403c       0x48 zephyr/drivers/gpio/libdrivers__gpio.a(gpio_nrfx.c.obj)
 .text.nrfx_gpio_handler
                0x0000000000054084       0x4c zephyr/drivers/gpio/libdrivers__gpio.a(gpio_nrfx.c.obj)
 .text.gpio_nrfx_pin_configure
                0x00000000000540d0      0x18c zephyr/drivers/gpio/libdrivers__gpio.a(gpio_nrfx.c.obj)
 .text.mbox_nrf_init
                0x000000000005425c       0x9c zephyr/drivers/mbox/libdrivers__mbox.a(mbox_nrfx_ipc.c.obj)
 .text.mbox_nrf_set_enabled
                0x00000000000542f8       0x94 zephyr/drivers/mbox/libdrivers__mbox.a(mbox_nrfx_ipc.c.obj)
 .text.mbox_nrf_send
                0x000000000005438c       0x44 zephyr/drivers/mbox/libdrivers__mbox.a(mbox_nrfx_ipc.c.obj)
 .text.mbox_dispatcher
                0x00000000000543d0       0x60 zephyr/drivers/mbox/libdrivers__mbox.a(mbox_nrfx_ipc.c.obj)
 .text.nrf_gpio_pin_port_decode
                0x0000000000054430       0x24 zephyr/drivers/pinctrl/libdrivers__pinctrl.a(pinctrl_nrf.c.obj)
 .text.pinctrl_configure_pins
                0x0000000000054454      0x184 zephyr/drivers/pinctrl/libdrivers__pinctrl.a(pinctrl_nrf.c.obj)
                0x0000000000054454                pinctrl_configure_pins
 .text.uarte_0_init
                0x00000000000545d8      0x27c zephyr/drivers/serial/libdrivers__serial.a(uart_nrfx_uarte.c.obj)
 .text.uarte_nrfx_poll_out
                0x0000000000054854       0xcc zephyr/drivers/serial/libdrivers__serial.a(uart_nrfx_uarte.c.obj)
 .text.spi_nrfx_init
                0x0000000000054920      0x120 zephyr/drivers/spi/libdrivers__spi.a(spi_nrfx_spim.c.obj)
 .text.transfer_next_chunk
                0x0000000000054a40       0xd0 zephyr/drivers/spi/libdrivers__spi.a(spi_nrfx_spim.c.obj)
 .text.event_handler
                0x0000000000054b10       0xdc zephyr/drivers/spi/libdrivers__spi.a(spi_nrfx_spim.c.obj)
 .text.spi_nrfx_transceive
                0x0000000000054bec      0x430 zephyr/drivers/spi/libdrivers__spi.a(spi_nrfx_spim.c.obj)
 .text.nrf_gpio_cfg_input
                0x000000000005501c       0x40 zephyr/drivers/spi/libdrivers__spi.a(spi_nrfx_common.c.obj)
 .text.spi_nrfx_wake_init
                0x000000000005505c       0x60 zephyr/drivers/spi/libdrivers__spi.a(spi_nrfx_common.c.obj)
                0x000000000005505c                spi_nrfx_wake_init
 .text.compare_int_lock
                0x00000000000550bc       0x40 zephyr/drivers/timer/libdrivers__timer.a(nrf_rtc_timer.c.obj)
 .text.sys_clock_timeout_handler
                0x00000000000550fc       0x48 zephyr/drivers/timer/libdrivers__timer.a(nrf_rtc_timer.c.obj)
 .text.compare_int_unlock
                0x0000000000055144       0x4c zephyr/drivers/timer/libdrivers__timer.a(nrf_rtc_timer.c.obj)
 .text.z_nrf_rtc_timer_compare_evt_address_get
                0x0000000000055190       0x10 zephyr/drivers/timer/libdrivers__timer.a(nrf_rtc_timer.c.obj)
                0x0000000000055190                z_nrf_rtc_timer_compare_evt_address_get
 .text.z_nrf_rtc_timer_compare_read
                0x00000000000551a0       0x10 zephyr/drivers/timer/libdrivers__timer.a(nrf_rtc_timer.c.obj)
                0x00000000000551a0                z_nrf_rtc_timer_compare_read
 .text.z_nrf_rtc_timer_read
                0x00000000000551b0       0x44 zephyr/drivers/timer/libdrivers__timer.a(nrf_rtc_timer.c.obj)
                0x00000000000551b0                z_nrf_rtc_timer_read
 .text.compare_set
                0x00000000000551f4      0x124 zephyr/drivers/timer/libdrivers__timer.a(nrf_rtc_timer.c.obj)
 .text.sys_clock_driver_init
                0x0000000000055318       0xa4 zephyr/drivers/timer/libdrivers__timer.a(nrf_rtc_timer.c.obj)
 .text.rtc_nrf_isr
                0x00000000000553bc      0x100 zephyr/drivers/timer/libdrivers__timer.a(nrf_rtc_timer.c.obj)
                0x00000000000553bc                rtc_nrf_isr
 .text.z_nrf_rtc_timer_chan_alloc
                0x00000000000554bc       0x3c zephyr/drivers/timer/libdrivers__timer.a(nrf_rtc_timer.c.obj)
                0x00000000000554bc                z_nrf_rtc_timer_chan_alloc
 .text.z_nrf_rtc_timer_chan_free
                0x00000000000554f8       0x1c zephyr/drivers/timer/libdrivers__timer.a(nrf_rtc_timer.c.obj)
                0x00000000000554f8                z_nrf_rtc_timer_chan_free
 .text.sys_clock_set_timeout
                0x0000000000055514       0x5c zephyr/drivers/timer/libdrivers__timer.a(nrf_rtc_timer.c.obj)
                0x0000000000055514                sys_clock_set_timeout
 .text.sys_clock_elapsed
                0x0000000000055570       0x14 zephyr/drivers/timer/libdrivers__timer.a(nrf_rtc_timer.c.obj)
                0x0000000000055570                sys_clock_elapsed
 .text.nrfx_flag32_alloc
                0x0000000000055584       0x40 modules/hal_nordic/nrfx/libmodules__hal_nordic__nrfx.a(nrfx_flag32_allocator.c.obj)
                0x0000000000055584                nrfx_flag32_alloc
 .text.nrfx_flag32_free
                0x00000000000555c4       0x38 modules/hal_nordic/nrfx/libmodules__hal_nordic__nrfx.a(nrfx_flag32_allocator.c.obj)
                0x00000000000555c4                nrfx_flag32_free
 .text.nrfx_gppi_channels_enable
                0x00000000000555fc        0xc modules/hal_nordic/nrfx/libmodules__hal_nordic__nrfx.a(nrfx_gppi_dppi.c.obj)
                0x00000000000555fc                nrfx_gppi_channels_enable
 .text.nrfx_gppi_channels_disable
                0x0000000000055608        0xc modules/hal_nordic/nrfx/libmodules__hal_nordic__nrfx.a(nrfx_gppi_dppi.c.obj)
                0x0000000000055608                nrfx_gppi_channels_disable
 .text.clock_stop
                0x0000000000055614      0x158 modules/hal_nordic/nrfx/libmodules__hal_nordic__nrfx.a(nrfx_clock.c.obj)
 .text.nrfx_clock_init
                0x000000000005576c       0x20 modules/hal_nordic/nrfx/libmodules__hal_nordic__nrfx.a(nrfx_clock.c.obj)
                0x000000000005576c                nrfx_clock_init
 .text.nrfx_clock_enable
                0x000000000005578c       0x30 modules/hal_nordic/nrfx/libmodules__hal_nordic__nrfx.a(nrfx_clock.c.obj)
                0x000000000005578c                nrfx_clock_enable
 .text.nrfx_clock_start
                0x00000000000557bc       0xd8 modules/hal_nordic/nrfx/libmodules__hal_nordic__nrfx.a(nrfx_clock.c.obj)
                0x00000000000557bc                nrfx_clock_start
 .text.nrfx_power_clock_irq_handler
                0x0000000000055894       0xac modules/hal_nordic/nrfx/libmodules__hal_nordic__nrfx.a(nrfx_clock.c.obj)
                0x0000000000055894                nrfx_power_clock_irq_handler
 .text.nrfx_dppi_channel_alloc
                0x0000000000055940        0xc modules/hal_nordic/nrfx/libmodules__hal_nordic__nrfx.a(nrfx_dppi.c.obj)
                0x0000000000055940                nrfx_dppi_channel_alloc
 .text.nrfx_dppi_channel_free
                0x000000000005594c       0x1c modules/hal_nordic/nrfx/libmodules__hal_nordic__nrfx.a(nrfx_dppi.c.obj)
                0x000000000005594c                nrfx_dppi_channel_free
 .text.nrf_gpio_pin_port_decode
                0x0000000000055968       0x24 modules/hal_nordic/nrfx/libmodules__hal_nordic__nrfx.a(nrfx_gpiote.c.obj)
 .text.get_pin_idx
                0x000000000005598c       0x14 modules/hal_nordic/nrfx/libmodules__hal_nordic__nrfx.a(nrfx_gpiote.c.obj)
 .text.release_handler
                0x00000000000559a0       0x70 modules/hal_nordic/nrfx/libmodules__hal_nordic__nrfx.a(nrfx_gpiote.c.obj)
 .text.latch_pending_read_and_check
                0x0000000000055a10       0x3c modules/hal_nordic/nrfx/libmodules__hal_nordic__nrfx.a(nrfx_gpiote.c.obj)
 .text.pin_te_get.isra.0
                0x0000000000055a4c       0x20 modules/hal_nordic/nrfx/libmodules__hal_nordic__nrfx.a(nrfx_gpiote.c.obj)
 .text.pin_is_output.isra.0
                0x0000000000055a6c       0x24 modules/hal_nordic/nrfx/libmodules__hal_nordic__nrfx.a(nrfx_gpiote.c.obj)
 .text.pin_in_use_by_te.isra.0
                0x0000000000055a90       0x24 modules/hal_nordic/nrfx/libmodules__hal_nordic__nrfx.a(nrfx_gpiote.c.obj)
 .text.__nrfy_internal_gpiote_events_process.constprop.0
                0x0000000000055ab4       0x5c modules/hal_nordic/nrfx/libmodules__hal_nordic__nrfx.a(nrfx_gpiote.c.obj)
 .text.irq_handler.constprop.0
                0x0000000000055b10      0x1a8 modules/hal_nordic/nrfx/libmodules__hal_nordic__nrfx.a(nrfx_gpiote.c.obj)
 .text.pin_uninit
                0x0000000000055cb8       0xa4 modules/hal_nordic/nrfx/libmodules__hal_nordic__nrfx.a(nrfx_gpiote.c.obj)
 .text.nrfx_gpiote_input_configure
                0x0000000000055d5c      0x1ec modules/hal_nordic/nrfx/libmodules__hal_nordic__nrfx.a(nrfx_gpiote.c.obj)
                0x0000000000055d5c                nrfx_gpiote_input_configure
 .text.nrfx_gpiote_output_configure
                0x0000000000055f48      0x138 modules/hal_nordic/nrfx/libmodules__hal_nordic__nrfx.a(nrfx_gpiote.c.obj)
                0x0000000000055f48                nrfx_gpiote_output_configure
 .text.nrfx_gpiote_global_callback_set
                0x0000000000056080       0x1c modules/hal_nordic/nrfx/libmodules__hal_nordic__nrfx.a(nrfx_gpiote.c.obj)
                0x0000000000056080                nrfx_gpiote_global_callback_set
 .text.nrfx_gpiote_channel_get
                0x000000000005609c       0x3c modules/hal_nordic/nrfx/libmodules__hal_nordic__nrfx.a(nrfx_gpiote.c.obj)
                0x000000000005609c                nrfx_gpiote_channel_get
 .text.nrfx_gpiote_init
                0x00000000000560d8       0x80 modules/hal_nordic/nrfx/libmodules__hal_nordic__nrfx.a(nrfx_gpiote.c.obj)
                0x00000000000560d8                nrfx_gpiote_init
 .text.nrfx_gpiote_init_check
                0x0000000000056158       0x1c modules/hal_nordic/nrfx/libmodules__hal_nordic__nrfx.a(nrfx_gpiote.c.obj)
                0x0000000000056158                nrfx_gpiote_init_check
 .text.nrfx_gpiote_channel_free
                0x0000000000056174       0x18 modules/hal_nordic/nrfx/libmodules__hal_nordic__nrfx.a(nrfx_gpiote.c.obj)
                0x0000000000056174                nrfx_gpiote_channel_free
 .text.nrfx_gpiote_channel_alloc
                0x000000000005618c       0x18 modules/hal_nordic/nrfx/libmodules__hal_nordic__nrfx.a(nrfx_gpiote.c.obj)
                0x000000000005618c                nrfx_gpiote_channel_alloc
 .text.nrfx_gpiote_trigger_enable
                0x00000000000561a4       0xa4 modules/hal_nordic/nrfx/libmodules__hal_nordic__nrfx.a(nrfx_gpiote.c.obj)
                0x00000000000561a4                nrfx_gpiote_trigger_enable
 .text.nrfx_gpiote_1_irq_handler
                0x0000000000056248        0xc modules/hal_nordic/nrfx/libmodules__hal_nordic__nrfx.a(nrfx_gpiote.c.obj)
                0x0000000000056248                nrfx_gpiote_1_irq_handler
 .text.nrfx_ipc_init
                0x0000000000056254       0x30 modules/hal_nordic/nrfx/libmodules__hal_nordic__nrfx.a(nrfx_ipc.c.obj)
                0x0000000000056254                nrfx_ipc_init
 .text.nrfx_ipc_config_load
                0x0000000000056284       0x40 modules/hal_nordic/nrfx/libmodules__hal_nordic__nrfx.a(nrfx_ipc.c.obj)
                0x0000000000056284                nrfx_ipc_config_load
 .text.nrfx_ipc_receive_event_enable
                0x00000000000562c4       0x10 modules/hal_nordic/nrfx/libmodules__hal_nordic__nrfx.a(nrfx_ipc.c.obj)
                0x00000000000562c4                nrfx_ipc_receive_event_enable
 .text.nrfx_ipc_receive_event_disable
                0x00000000000562d4       0x10 modules/hal_nordic/nrfx/libmodules__hal_nordic__nrfx.a(nrfx_ipc.c.obj)
                0x00000000000562d4                nrfx_ipc_receive_event_disable
 .text.nrfx_ipc_irq_handler
                0x00000000000562e4       0x40 modules/hal_nordic/nrfx/libmodules__hal_nordic__nrfx.a(nrfx_ipc.c.obj)
                0x00000000000562e4                nrfx_ipc_irq_handler
 .text.nrf_gpio_pin_port_decode
                0x0000000000056324       0x24 modules/hal_nordic/nrfx/libmodules__hal_nordic__nrfx.a(nrfx_spim.c.obj)
 .text.spim_configuration_verify
                0x0000000000056348       0xf8 modules/hal_nordic/nrfx/libmodules__hal_nordic__nrfx.a(nrfx_spim.c.obj)
 .text.pin_init
                0x0000000000056440       0x50 modules/hal_nordic/nrfx/libmodules__hal_nordic__nrfx.a(nrfx_spim.c.obj)
 .text.spim_configure
                0x0000000000056490      0x25c modules/hal_nordic/nrfx/libmodules__hal_nordic__nrfx.a(nrfx_spim.c.obj)
 .text.spim_pin_uninit
                0x00000000000566ec       0x30 modules/hal_nordic/nrfx/libmodules__hal_nordic__nrfx.a(nrfx_spim.c.obj)
 .text.nrfx_spim_init
                0x000000000005671c       0x68 modules/hal_nordic/nrfx/libmodules__hal_nordic__nrfx.a(nrfx_spim.c.obj)
                0x000000000005671c                nrfx_spim_init
 .text.nrfx_spim_uninit
                0x0000000000056784       0x90 modules/hal_nordic/nrfx/libmodules__hal_nordic__nrfx.a(nrfx_spim.c.obj)
                0x0000000000056784                nrfx_spim_uninit
 .text.nrfx_spim_xfer
                0x0000000000056814      0x164 modules/hal_nordic/nrfx/libmodules__hal_nordic__nrfx.a(nrfx_spim.c.obj)
                0x0000000000056814                nrfx_spim_xfer
 .text.nrfx_spim_1_irq_handler
                0x0000000000056978       0x10 modules/hal_nordic/nrfx/libmodules__hal_nordic__nrfx.a(nrfx_spim.c.obj)
                0x0000000000056978                nrfx_spim_1_irq_handler
 .text.nrfx_spim_4_irq_handler
                0x0000000000056988       0x10 modules/hal_nordic/nrfx/libmodules__hal_nordic__nrfx.a(nrfx_spim.c.obj)
                0x0000000000056988                nrfx_spim_4_irq_handler
 .text.k_sys_fatal_error_handler
                0x0000000000056998       0x20 zephyr/kernel/libkernel.a(fatal.c.obj)
                0x0000000000056998                k_sys_fatal_error_handler
 .text.z_fatal_error
                0x00000000000569b8       0xec zephyr/kernel/libkernel.a(fatal.c.obj)
                0x00000000000569b8                z_fatal_error
 .text.z_sys_init_run_level
                0x0000000000056aa4       0x48 zephyr/kernel/libkernel.a(init.c.obj)
 .text.bg_thread_main
                0x0000000000056aec       0x34 zephyr/kernel/libkernel.a(init.c.obj)
 .text.z_bss_zero
                0x0000000000056b20       0x18 zephyr/kernel/libkernel.a(init.c.obj)
                0x0000000000056b20                z_bss_zero
 .text.z_init_cpu
                0x0000000000056b38       0x7c zephyr/kernel/libkernel.a(init.c.obj)
                0x0000000000056b38                z_init_cpu
 .text.z_cstart
                0x0000000000056bb4       0xe0 zephyr/kernel/libkernel.a(init.c.obj)
                0x0000000000056bb4                z_cstart
 .text.z_setup_new_thread
                0x0000000000056c94       0x7c zephyr/kernel/libkernel.a(thread.c.obj)
                0x0000000000056c94                z_setup_new_thread
 .text.z_impl_k_thread_create
                0x0000000000056d10       0x58 zephyr/kernel/libkernel.a(thread.c.obj)
                0x0000000000056d10                z_impl_k_thread_create
 .text.z_init_static_threads
                0x0000000000056d68       0x98 zephyr/kernel/libkernel.a(thread.c.obj)
                0x0000000000056d68                z_init_static_threads
 .text.z_impl_k_sem_give
                0x0000000000056e00       0x48 zephyr/kernel/libkernel.a(sem.c.obj)
                0x0000000000056e00                z_impl_k_sem_give
 .text.z_impl_k_sem_take
                0x0000000000056e48       0x50 zephyr/kernel/libkernel.a(sem.c.obj)
                0x0000000000056e48                z_impl_k_sem_take
 .text.z_impl_k_sem_reset
                0x0000000000056e98       0x3c zephyr/kernel/libkernel.a(sem.c.obj)
                0x0000000000056e98                z_impl_k_sem_reset
 .text.sliceable
                0x0000000000056ed4       0x3c zephyr/kernel/libkernel.a(sched.c.obj)
 .text.slice_timeout
                0x0000000000056f10       0x20 zephyr/kernel/libkernel.a(sched.c.obj)
 .text.z_reset_time_slice
                0x0000000000056f30       0x50 zephyr/kernel/libkernel.a(sched.c.obj)
                0x0000000000056f30                z_reset_time_slice
 .text.update_cache
                0x0000000000056f80       0x3c zephyr/kernel/libkernel.a(sched.c.obj)
 .text.move_thread_to_end_of_prio_q
                0x0000000000056fbc       0x74 zephyr/kernel/libkernel.a(sched.c.obj)
 .text.ready_thread
                0x0000000000057030       0x68 zephyr/kernel/libkernel.a(sched.c.obj)
 .text.unready_thread
                0x0000000000057098       0x30 zephyr/kernel/libkernel.a(sched.c.obj)
 .text.pend_locked
                0x00000000000570c8       0x30 zephyr/kernel/libkernel.a(sched.c.obj)
 .text.z_thread_halt
                0x00000000000570f8       0xa0 zephyr/kernel/libkernel.a(sched.c.obj)
 .text.z_time_slice
                0x0000000000057198       0x60 zephyr/kernel/libkernel.a(sched.c.obj)
                0x0000000000057198                z_time_slice
 .text.z_pend_curr
                0x00000000000571f8       0x3c zephyr/kernel/libkernel.a(sched.c.obj)
                0x00000000000571f8                z_pend_curr
 .text.z_reschedule
                0x0000000000057234       0x24 zephyr/kernel/libkernel.a(sched.c.obj)
                0x0000000000057234                z_reschedule
 .text.z_sched_start
                0x0000000000057258       0x3c zephyr/kernel/libkernel.a(sched.c.obj)
                0x0000000000057258                z_sched_start
 .text.k_sched_lock
                0x0000000000057294       0x28 zephyr/kernel/libkernel.a(sched.c.obj)
                0x0000000000057294                k_sched_lock
 .text.k_sched_unlock
                0x00000000000572bc       0x38 zephyr/kernel/libkernel.a(sched.c.obj)
                0x00000000000572bc                k_sched_unlock
 .text.z_sched_init
                0x00000000000572f4       0x10 zephyr/kernel/libkernel.a(sched.c.obj)
                0x00000000000572f4                z_sched_init
 .text.z_impl_k_yield
                0x0000000000057304       0x7c zephyr/kernel/libkernel.a(sched.c.obj)
                0x0000000000057304                z_impl_k_yield
 .text.z_tick_sleep
                0x0000000000057380       0x88 zephyr/kernel/libkernel.a(sched.c.obj)
 .text.z_impl_k_sleep
                0x0000000000057408       0x34 zephyr/kernel/libkernel.a(sched.c.obj)
                0x0000000000057408                z_impl_k_sleep
 .text.z_impl_k_sched_current_thread_query
                0x000000000005743c        0xc zephyr/kernel/libkernel.a(sched.c.obj)
                0x000000000005743c                z_impl_k_sched_current_thread_query
 .text.z_data_copy
                0x0000000000057448       0x34 zephyr/kernel/libkernel.a(xip.c.obj)
                0x0000000000057448                z_data_copy
 .text.elapsed  0x000000000005747c       0x14 zephyr/kernel/libkernel.a(timeout.c.obj)
 .text.next_timeout
                0x0000000000057490       0x40 zephyr/kernel/libkernel.a(timeout.c.obj)
 .text.remove_timeout
                0x00000000000574d0       0x38 zephyr/kernel/libkernel.a(timeout.c.obj)
 .text.z_add_timeout
                0x0000000000057508       0xec zephyr/kernel/libkernel.a(timeout.c.obj)
                0x0000000000057508                z_add_timeout
 .text.sys_clock_announce
                0x00000000000575f4       0xd4 zephyr/kernel/libkernel.a(timeout.c.obj)
                0x00000000000575f4                sys_clock_announce
 .text.sys_clock_tick_get
                0x00000000000576c8       0x34 zephyr/kernel/libkernel.a(timeout.c.obj)
                0x00000000000576c8                sys_clock_tick_get
 .text.z_timer_expiration_handler
                0x00000000000576fc       0xe4 zephyr/kernel/libkernel.a(timer.c.obj)
                0x00000000000576fc                z_timer_expiration_handler
 .text.z_impl_k_timer_start
                0x00000000000577e0       0x74 zephyr/kernel/libkernel.a(timer.c.obj)
                0x00000000000577e0                z_impl_k_timer_start
 .text.boot_banner
                0x0000000000057854        0xc zephyr/kernel/libkernel.a(banner.c.obj)
                0x0000000000057854                boot_banner
 .text.snprintf
                0x0000000000057860       0x58 /root/zephyr-sdk-0.17.0/arm-zephyr-eabi/bin/../lib/gcc/../../picolibc/arm-zephyr-eabi/lib/thumb/v8-m.main/nofp/libc.a(libc_tinystdio_snprintf.c.o)
                0x0000000000057860                snprintf
 .text.skip_to_arg
                0x00000000000578b8      0x134 /root/zephyr-sdk-0.17.0/arm-zephyr-eabi/bin/../lib/gcc/../../picolibc/arm-zephyr-eabi/lib/thumb/v8-m.main/nofp/libc.a(libc_tinystdio_vfprintf.c.o)
 .text.vfprintf
                0x00000000000579ec      0x9a8 /root/zephyr-sdk-0.17.0/arm-zephyr-eabi/bin/../lib/gcc/../../picolibc/arm-zephyr-eabi/lib/thumb/v8-m.main/nofp/libc.a(libc_tinystdio_vfprintf.c.o)
                0x00000000000579ec                __d_vfprintf
 .text.div10    0x0000000000058394       0x28 /root/zephyr-sdk-0.17.0/arm-zephyr-eabi/bin/../lib/gcc/../../picolibc/arm-zephyr-eabi/lib/thumb/v8-m.main/nofp/libc.a(libc_tinystdio_dtoa_ryu.c.o)
 .text.__dtoa_engine
                0x00000000000583bc      0x4a8 /root/zephyr-sdk-0.17.0/arm-zephyr-eabi/bin/../lib/gcc/../../picolibc/arm-zephyr-eabi/lib/thumb/v8-m.main/nofp/libc.a(libc_tinystdio_dtoa_ryu.c.o)
                0x00000000000583bc                __dtoa_engine
 .text.__log10Pow2
                0x0000000000058864        0xc /root/zephyr-sdk-0.17.0/arm-zephyr-eabi/bin/../lib/gcc/../../picolibc/arm-zephyr-eabi/lib/thumb/v8-m.main/nofp/libc.a(libc_tinystdio_ryu_log10.c.o)
                0x0000000000058864                __log10Pow2
 .text.__log10Pow5
                0x0000000000058870        0xc /root/zephyr-sdk-0.17.0/arm-zephyr-eabi/bin/../lib/gcc/../../picolibc/arm-zephyr-eabi/lib/thumb/v8-m.main/nofp/libc.a(libc_tinystdio_ryu_log10.c.o)
                0x0000000000058870                __log10Pow5
 .text.__pow5bits
                0x000000000005887c       0x10 /root/zephyr-sdk-0.17.0/arm-zephyr-eabi/bin/../lib/gcc/../../picolibc/arm-zephyr-eabi/lib/thumb/v8-m.main/nofp/libc.a(libc_tinystdio_ryu_pow5bits.c.o)
                0x000000000005887c                __pow5bits
 .text.__pow5Factor
                0x000000000005888c       0x30 /root/zephyr-sdk-0.17.0/arm-zephyr-eabi/bin/../lib/gcc/../../picolibc/arm-zephyr-eabi/lib/thumb/v8-m.main/nofp/libc.a(libc_tinystdio_ryu_table.c.o)
                0x000000000005888c                __pow5Factor
 .text.__double_computePow5
                0x00000000000588bc       0xe4 /root/zephyr-sdk-0.17.0/arm-zephyr-eabi/bin/../lib/gcc/../../picolibc/arm-zephyr-eabi/lib/thumb/v8-m.main/nofp/libc.a(libc_tinystdio_ryu_table.c.o)
                0x00000000000588bc                __double_computePow5
 .text.__double_computeInvPow5
                0x00000000000589a0       0xf8 /root/zephyr-sdk-0.17.0/arm-zephyr-eabi/bin/../lib/gcc/../../picolibc/arm-zephyr-eabi/lib/thumb/v8-m.main/nofp/libc.a(libc_tinystdio_ryu_table.c.o)
                0x00000000000589a0                __double_computeInvPow5
 .text._OffsetAbsSyms
                0x0000000000058a98        0x2 zephyr/CMakeFiles/offsets.dir/./arch/arm/core/offsets/offsets.c.obj
                0x0000000000058a98                _OffsetAbsSyms
 .text.z_log_msg_static_create.constprop.0
                0x0000000000058a9a        0x6 app/libapp.a(main.c.obj)
 .text.k_msleep.isra.0
                0x0000000000058aa0       0x20 app/libapp.a(main.c.obj)
 .text.cbpprintf_external
                0x0000000000058ac0       0x62 zephyr/libzephyr.a(cbprintf_packaged.c.obj)
                0x0000000000058ac0                cbpprintf_external
 .text.is_ptr   0x0000000000058b22       0x4a zephyr/libzephyr.a(cbprintf_packaged.c.obj)
                0x0000000000058b22                is_ptr
 .text.arch_printk_char_out
                0x0000000000058b6c        0x4 zephyr/libzephyr.a(printk.c.obj)
                0x0000000000058b6c                arch_printk_char_out
 .text.printk   0x0000000000058b70       0x1a zephyr/libzephyr.a(printk.c.obj)
                0x0000000000058b70                printk
 .text.chunk_size
                0x0000000000058b8a        0xa zephyr/libzephyr.a(heap.c.obj)
 .text.free_list_add
                0x0000000000058b94       0x4e zephyr/libzephyr.a(heap.c.obj)
 .text.sys_heap_init
                0x0000000000058be2       0x7a zephyr/libzephyr.a(heap.c.obj)
                0x0000000000058be2                sys_heap_init
 .text.process_recheck
                0x0000000000058c5c       0x38 zephyr/libzephyr.a(onoff.c.obj)
 .text.validate_args
                0x0000000000058c94       0x20 zephyr/libzephyr.a(onoff.c.obj)
 .text.notify_one
                0x0000000000058cb4       0x2c zephyr/libzephyr.a(onoff.c.obj)
 .text.transition_complete
                0x0000000000058ce0       0x1c zephyr/libzephyr.a(onoff.c.obj)
 .text.onoff_manager_init
                0x0000000000058cfc       0x26 zephyr/libzephyr.a(onoff.c.obj)
                0x0000000000058cfc                onoff_manager_init
 .text.onoff_request
                0x0000000000058d22       0xb0 zephyr/libzephyr.a(onoff.c.obj)
                0x0000000000058d22                onoff_request
 .text.sys_notify_validate
                0x0000000000058dd2       0x22 zephyr/libzephyr.a(notify.c.obj)
                0x0000000000058dd2                sys_notify_validate
 .text.sys_notify_finalize
                0x0000000000058df4       0x1a zephyr/libzephyr.a(notify.c.obj)
                0x0000000000058df4                sys_notify_finalize
 .text.free_space
                0x0000000000058e0e       0x26 zephyr/libzephyr.a(mpsc_pbuf.c.obj)
 .text.get_usage
                0x0000000000058e34       0x22 zephyr/libzephyr.a(mpsc_pbuf.c.obj)
 .text.idx_inc  0x0000000000058e56       0x1c zephyr/libzephyr.a(mpsc_pbuf.c.obj)
 .text.rd_idx_inc
                0x0000000000058e72       0x18 zephyr/libzephyr.a(mpsc_pbuf.c.obj)
 .text.add_skip_item
                0x0000000000058e8a       0x3e zephyr/libzephyr.a(mpsc_pbuf.c.obj)
 .text.drop_item_locked
                0x0000000000058ec8       0xee zephyr/libzephyr.a(mpsc_pbuf.c.obj)
 .text.post_drop_action
                0x0000000000058fb6       0x36 zephyr/libzephyr.a(mpsc_pbuf.c.obj)
 .text.max_utilization_update
                0x0000000000058fec       0x1a zephyr/libzephyr.a(mpsc_pbuf.c.obj)
 .text.mpsc_pbuf_init
                0x0000000000059006       0x42 zephyr/libzephyr.a(mpsc_pbuf.c.obj)
                0x0000000000059006                mpsc_pbuf_init
 .text.mpsc_pbuf_alloc
                0x0000000000059048       0xfc zephyr/libzephyr.a(mpsc_pbuf.c.obj)
                0x0000000000059048                mpsc_pbuf_alloc
 .text.mpsc_pbuf_commit
                0x0000000000059144       0x40 zephyr/libzephyr.a(mpsc_pbuf.c.obj)
                0x0000000000059144                mpsc_pbuf_commit
 .text.mpsc_pbuf_claim
                0x0000000000059184       0xa4 zephyr/libzephyr.a(mpsc_pbuf.c.obj)
                0x0000000000059184                mpsc_pbuf_claim
 .text.mpsc_pbuf_free
                0x0000000000059228       0x78 zephyr/libzephyr.a(mpsc_pbuf.c.obj)
                0x0000000000059228                mpsc_pbuf_free
 .text.mpsc_pbuf_is_pending
                0x00000000000592a0       0x1a zephyr/libzephyr.a(mpsc_pbuf.c.obj)
                0x00000000000592a0                mpsc_pbuf_is_pending
 .text._ConfigAbsSyms
                0x00000000000592ba        0x2 zephyr/libzephyr.a(configs.c.obj)
                0x00000000000592ba                _ConfigAbsSyms
 .text.log_msg_generic_get_wlen
                0x00000000000592bc       0x20 zephyr/libzephyr.a(log_core.c.obj)
 .text.dummy_timestamp
                0x00000000000592dc        0x4 zephyr/libzephyr.a(log_core.c.obj)
 .text.default_get_timestamp
                0x00000000000592e0        0x4 zephyr/libzephyr.a(log_core.c.obj)
 .text.atomic_inc
                0x00000000000592e4       0x12 zephyr/libzephyr.a(log_core.c.obj)
 .text.z_log_vprintk
                0x00000000000592f6       0x1c zephyr/libzephyr.a(log_core.c.obj)
                0x00000000000592f6                z_log_vprintk
 .text.z_log_notify_drop
                0x0000000000059312        0x6 zephyr/libzephyr.a(log_core.c.obj)
 .text.z_log_get_tag
                0x0000000000059318        0x4 zephyr/libzephyr.a(log_core.c.obj)
                0x0000000000059318                z_log_get_tag
 .text.z_cbprintf_cpy
                0x000000000005931c       0x2c zephyr/libzephyr.a(log_msg.c.obj)
 .text.z_log_msg_finalize
                0x0000000000059348       0x32 zephyr/libzephyr.a(log_msg.c.obj)
                0x0000000000059348                z_log_msg_finalize
 .text.z_log_msg_simple_create
                0x000000000005937a       0x6e zephyr/libzephyr.a(log_msg.c.obj)
 .text.z_impl_z_log_msg_simple_create_0
                0x00000000000593e8       0x12 zephyr/libzephyr.a(log_msg.c.obj)
                0x00000000000593e8                z_impl_z_log_msg_simple_create_0
 .text.z_impl_z_log_msg_simple_create_1
                0x00000000000593fa       0x14 zephyr/libzephyr.a(log_msg.c.obj)
                0x00000000000593fa                z_impl_z_log_msg_simple_create_1
 .text.z_impl_z_log_msg_simple_create_2
                0x000000000005940e       0x18 zephyr/libzephyr.a(log_msg.c.obj)
                0x000000000005940e                z_impl_z_log_msg_simple_create_2
 .text.buffer_write
                0x0000000000059426       0x1a zephyr/libzephyr.a(log_output.c.obj)
 .text.log_output_flush
                0x0000000000059440       0x1a zephyr/libzephyr.a(log_output.c.obj)
                0x0000000000059440                log_output_flush
 .text.out_func
                0x000000000005945a       0x2e zephyr/libzephyr.a(log_output.c.obj)
 .text.cr_out_func
                0x0000000000059488       0x1c zephyr/libzephyr.a(log_output.c.obj)
 .text.format_set
                0x00000000000594a4        0xc zephyr/libzephyr.a(log_backend_uart.c.obj)
 .text.log_backend_uart_init
                0x00000000000594b0        0xc zephyr/libzephyr.a(log_backend_uart.c.obj)
 .text.panic    0x00000000000594bc       0x10 zephyr/libzephyr.a(log_backend_uart.c.obj)
 .text.dropped  0x00000000000594cc        0xa zephyr/libzephyr.a(log_backend_uart.c.obj)
 .text.process  0x00000000000594d6       0x1e zephyr/libzephyr.a(log_backend_uart.c.obj)
 .text.z_do_kernel_oops
                0x00000000000594f4        0x8 zephyr/arch/arch/arm/core/libarch__arm__core.a(fatal.c.obj)
                0x00000000000594f4                z_do_kernel_oops
 .text.z_arm_nmi
                0x00000000000594fc        0xe zephyr/arch/arch/arm/core/libarch__arm__core.a(nmi.c.obj)
                0x00000000000594fc                z_arm_nmi
 .text.z_log_msg_simple_create_0.constprop.0
                0x000000000005950a        0x8 zephyr/arch/arch/arm/core/cortex_m/libarch__arm__core__cortex_m.a(fault.c.obj)
 .text.z_irq_spurious
                0x0000000000059512        0x8 zephyr/arch/arch/arm/core/cortex_m/libarch__arm__core__cortex_m.a(irq_manage.c.obj)
                0x0000000000059512                z_irq_spurious
 .text.configure_builtin_stack_guard
                0x000000000005951a        0x8 zephyr/arch/arch/arm/core/cortex_m/libarch__arm__core__cortex_m.a(thread.c.obj)
                0x000000000005951a                configure_builtin_stack_guard
 .text.arm_cmse_mpu_region_get
                0x0000000000059522       0x12 zephyr/arch/arch/arm/core/cortex_m/cmse/libarch__arm__core__cortex_m__cmse.a(arm_core_cmse.c.obj)
                0x0000000000059522                arm_cmse_mpu_region_get
 .text.mpu_configure_region
                0x0000000000059534       0x32 zephyr/arch/arch/arm/core/mpu/libarch__arm__core__mpu.a(arm_mpu.c.obj)
 .text.cbputc   0x0000000000059566        0xc zephyr/lib/libc/picolibc/liblib__libc__picolibc.a(libc-hooks.c.obj)
 .text.picolibc_put
                0x0000000000059572        0xa zephyr/lib/libc/picolibc/liblib__libc__picolibc.a(libc-hooks.c.obj)
 .text.nordicsemi_nrf53_init
                0x000000000005957c       0x16 zephyr/soc/soc/arm/nordic_nrf/libsoc__arm__nordic_nrf.a(soc.c.obj)
 .text.get_status
                0x0000000000059592       0x12 zephyr/drivers/clock_control/libdrivers__clock_control.a(clock_control_nrf.c.obj)
 .text.set_on_state
                0x00000000000595a4       0x26 zephyr/drivers/clock_control/libdrivers__clock_control.a(clock_control_nrf.c.obj)
 .text.stop     0x00000000000595ca       0x52 zephyr/drivers/clock_control/libdrivers__clock_control.a(clock_control_nrf.c.obj)
 .text.api_stop
                0x000000000005961c        0x6 zephyr/drivers/clock_control/libdrivers__clock_control.a(clock_control_nrf.c.obj)
 .text.async_start
                0x0000000000059622       0x5c zephyr/drivers/clock_control/libdrivers__clock_control.a(clock_control_nrf.c.obj)
 .text.api_start
                0x000000000005967e        0xe zephyr/drivers/clock_control/libdrivers__clock_control.a(clock_control_nrf.c.obj)
 .text.onoff_started_callback
                0x000000000005968c       0x12 zephyr/drivers/clock_control/libdrivers__clock_control.a(clock_control_nrf.c.obj)
 .text.hfclkaudio_start
                0x000000000005969e        0x6 zephyr/drivers/clock_control/libdrivers__clock_control.a(clock_control_nrf.c.obj)
 .text.hfclk192m_start
                0x00000000000596a4        0x6 zephyr/drivers/clock_control/libdrivers__clock_control.a(clock_control_nrf.c.obj)
 .text.lfclk_start
                0x00000000000596aa        0x6 zephyr/drivers/clock_control/libdrivers__clock_control.a(clock_control_nrf.c.obj)
 .text.hfclkaudio_stop
                0x00000000000596b0        0x6 zephyr/drivers/clock_control/libdrivers__clock_control.a(clock_control_nrf.c.obj)
 .text.hfclk192m_stop
                0x00000000000596b6        0x6 zephyr/drivers/clock_control/libdrivers__clock_control.a(clock_control_nrf.c.obj)
 .text.lfclk_stop
                0x00000000000596bc        0x6 zephyr/drivers/clock_control/libdrivers__clock_control.a(clock_control_nrf.c.obj)
 .text.blocking_start_callback
                0x00000000000596c2        0x6 zephyr/drivers/clock_control/libdrivers__clock_control.a(clock_control_nrf.c.obj)
 .text.gpio_nrfx_port_get_raw
                0x00000000000596c8        0xc zephyr/drivers/gpio/libdrivers__gpio.a(gpio_nrfx.c.obj)
 .text.gpio_nrfx_port_set_masked_raw
                0x00000000000596d4       0x14 zephyr/drivers/gpio/libdrivers__gpio.a(gpio_nrfx.c.obj)
 .text.gpio_nrfx_port_set_bits_raw
                0x00000000000596e8        0xa zephyr/drivers/gpio/libdrivers__gpio.a(gpio_nrfx.c.obj)
 .text.gpio_nrfx_port_clear_bits_raw
                0x00000000000596f2        0xa zephyr/drivers/gpio/libdrivers__gpio.a(gpio_nrfx.c.obj)
 .text.gpio_nrfx_port_toggle_bits
                0x00000000000596fc       0x14 zephyr/drivers/gpio/libdrivers__gpio.a(gpio_nrfx.c.obj)
 .text.gpio_nrfx_manage_callback
                0x0000000000059710       0x52 zephyr/drivers/gpio/libdrivers__gpio.a(gpio_nrfx.c.obj)
 .text.mbox_nrf_register_callback
                0x0000000000059762       0x1c zephyr/drivers/mbox/libdrivers__mbox.a(mbox_nrfx_ipc.c.obj)
 .text.mbox_nrf_mtu_get
                0x000000000005977e        0x4 zephyr/drivers/mbox/libdrivers__mbox.a(mbox_nrfx_ipc.c.obj)
 .text.mbox_nrf_max_channels_get
                0x0000000000059782        0x4 zephyr/drivers/mbox/libdrivers__mbox.a(mbox_nrfx_ipc.c.obj)
 .text.pinctrl_lookup_state
                0x0000000000059786       0x26 zephyr/drivers/pinctrl/libdrivers__pinctrl.a(common.c.obj)
                0x0000000000059786                pinctrl_lookup_state
 .text.uarte_nrfx_err_check
                0x00000000000597ac        0xe zephyr/drivers/serial/libdrivers__serial.a(uart_nrfx_uarte.c.obj)
 .text.uarte_nrfx_poll_in
                0x00000000000597ba       0x28 zephyr/drivers/serial/libdrivers__serial.a(uart_nrfx_uarte.c.obj)
 .text.is_tx_ready.isra.0
                0x00000000000597e2       0x20 zephyr/drivers/serial/libdrivers__serial.a(uart_nrfx_uarte.c.obj)
 .text.uarte_nrfx_isr_int
                0x0000000000059802       0x72 zephyr/drivers/serial/libdrivers__serial.a(uart_nrfx_uarte.c.obj)
 .text.z_log_msg_simple_create_0
                0x0000000000059874        0x4 zephyr/drivers/spi/libdrivers__spi.a(spi_nrfx_spim.c.obj)
 .text.irq_connect1
                0x0000000000059878        0xa zephyr/drivers/spi/libdrivers__spi.a(spi_nrfx_spim.c.obj)
 .text.irq_connect4
                0x0000000000059882        0xa zephyr/drivers/spi/libdrivers__spi.a(spi_nrfx_spim.c.obj)
 .text.spi_context_get_next_buf.constprop.0
                0x000000000005988c       0x26 zephyr/drivers/spi/libdrivers__spi.a(spi_nrfx_spim.c.obj)
 .text.gpio_pin_set_dt.isra.0
                0x00000000000598b2       0x28 zephyr/drivers/spi/libdrivers__spi.a(spi_nrfx_spim.c.obj)
 .text.spi_context_unlock_unconditionally
                0x00000000000598da       0x30 zephyr/drivers/spi/libdrivers__spi.a(spi_nrfx_spim.c.obj)
 .text.spi_nrfx_release
                0x000000000005990a       0x24 zephyr/drivers/spi/libdrivers__spi.a(spi_nrfx_spim.c.obj)
 .text.spi_nrfx_wake_request
                0x000000000005992e       0x50 zephyr/drivers/spi/libdrivers__spi.a(spi_nrfx_common.c.obj)
                0x000000000005992e                spi_nrfx_wake_request
 .text.event_clear
                0x000000000005997e       0x18 zephyr/drivers/timer/libdrivers__timer.a(nrf_rtc_timer.c.obj)
 .text.z_nrf_rtc_timer_capture_task_address_get
                0x0000000000059996       0x12 zephyr/drivers/timer/libdrivers__timer.a(nrf_rtc_timer.c.obj)
                0x0000000000059996                z_nrf_rtc_timer_capture_task_address_get
 .text.z_nrf_rtc_timer_set
                0x00000000000599a8       0x18 zephyr/drivers/timer/libdrivers__timer.a(nrf_rtc_timer.c.obj)
                0x00000000000599a8                z_nrf_rtc_timer_set
 .text.sys_clock_cycle_get_32
                0x00000000000599c0        0x8 zephyr/drivers/timer/libdrivers__timer.a(nrf_rtc_timer.c.obj)
                0x00000000000599c0                sys_clock_cycle_get_32
 .text.SystemInit
                0x00000000000599c8        0x2 modules/hal_nordic/nrfx/libmodules__hal_nordic__nrfx.a(system_nrf5340_application.c.obj)
                0x00000000000599c8                SystemInit
 .text.nrfx_isr
                0x00000000000599ca        0x2 modules/hal_nordic/nrfx/libmodules__hal_nordic__nrfx.a(nrfx_glue.c.obj)
                0x00000000000599ca                nrfx_isr
 .text.nrfx_busy_wait
                0x00000000000599cc        0x4 modules/hal_nordic/nrfx/libmodules__hal_nordic__nrfx.a(nrfx_glue.c.obj)
                0x00000000000599cc                nrfx_busy_wait
 .text.nrfx_gppi_event_endpoint_setup
                0x00000000000599d0        0xa modules/hal_nordic/nrfx/libmodules__hal_nordic__nrfx.a(nrfx_gppi_dppi.c.obj)
                0x00000000000599d0                nrfx_gppi_event_endpoint_setup
 .text.nrfx_gppi_task_endpoint_setup
                0x00000000000599da        0xa modules/hal_nordic/nrfx/libmodules__hal_nordic__nrfx.a(nrfx_gppi_dppi.c.obj)
                0x00000000000599da                nrfx_gppi_task_endpoint_setup
 .text.nrfx_gppi_channel_endpoints_setup
                0x00000000000599e4        0xe modules/hal_nordic/nrfx/libmodules__hal_nordic__nrfx.a(nrfx_gppi_dppi.c.obj)
                0x00000000000599e4                nrfx_gppi_channel_endpoints_setup
 .text.nrfx_gppi_event_endpoint_clear
                0x00000000000599f2        0x8 modules/hal_nordic/nrfx/libmodules__hal_nordic__nrfx.a(nrfx_gppi_dppi.c.obj)
                0x00000000000599f2                nrfx_gppi_event_endpoint_clear
 .text.nrfx_gppi_task_endpoint_clear
                0x00000000000599fa        0x8 modules/hal_nordic/nrfx/libmodules__hal_nordic__nrfx.a(nrfx_gppi_dppi.c.obj)
                0x00000000000599fa                nrfx_gppi_task_endpoint_clear
 .text.nrfx_gppi_channel_alloc
                0x0000000000059a02        0x4 modules/hal_nordic/nrfx/libmodules__hal_nordic__nrfx.a(nrfx_gppi_dppi.c.obj)
                0x0000000000059a02                nrfx_gppi_channel_alloc
 .text.nrfx_clock_stop
                0x0000000000059a06        0x4 modules/hal_nordic/nrfx/libmodules__hal_nordic__nrfx.a(nrfx_clock.c.obj)
                0x0000000000059a06                nrfx_clock_stop
 .text.nrf_gpio_reconfigure
                0x0000000000059a0a       0x92 modules/hal_nordic/nrfx/libmodules__hal_nordic__nrfx.a(nrfx_gpiote.c.obj)
 .text.nrf_gpio_cfg_sense_set
                0x0000000000059a9c       0x1e modules/hal_nordic/nrfx/libmodules__hal_nordic__nrfx.a(nrfx_gpiote.c.obj)
 .text.call_handler
                0x0000000000059aba       0x3e modules/hal_nordic/nrfx/libmodules__hal_nordic__nrfx.a(nrfx_gpiote.c.obj)
 .text.pin_in_event_get
                0x0000000000059af8       0x24 modules/hal_nordic/nrfx/libmodules__hal_nordic__nrfx.a(nrfx_gpiote.c.obj)
 .text.pin_trigger_disable
                0x0000000000059b1c       0x4a modules/hal_nordic/nrfx/libmodules__hal_nordic__nrfx.a(nrfx_gpiote.c.obj)
 .text.nrfx_gpiote_pin_uninit
                0x0000000000059b66        0x4 modules/hal_nordic/nrfx/libmodules__hal_nordic__nrfx.a(nrfx_gpiote.c.obj)
                0x0000000000059b66                nrfx_gpiote_pin_uninit
 .text.nrfx_gpiote_trigger_disable
                0x0000000000059b6a        0x4 modules/hal_nordic/nrfx/libmodules__hal_nordic__nrfx.a(nrfx_gpiote.c.obj)
                0x0000000000059b6a                nrfx_gpiote_trigger_disable
 .text.nrfx_gpiote_in_event_get
                0x0000000000059b6e        0x4 modules/hal_nordic/nrfx/libmodules__hal_nordic__nrfx.a(nrfx_gpiote.c.obj)
                0x0000000000059b6e                nrfx_gpiote_in_event_get
 .text.__nrfy_internal_spim_event_handle
                0x0000000000059b72       0x2a modules/hal_nordic/nrfx/libmodules__hal_nordic__nrfx.a(nrfx_spim.c.obj)
 .text.__nrfy_internal_spim_events_process
                0x0000000000059b9c       0x7c modules/hal_nordic/nrfx/libmodules__hal_nordic__nrfx.a(nrfx_spim.c.obj)
 .text.nrf_gpio_pin_set
                0x0000000000059c18       0x18 modules/hal_nordic/nrfx/libmodules__hal_nordic__nrfx.a(nrfx_spim.c.obj)
 .text.nrf_gpio_pin_clear
                0x0000000000059c30       0x18 modules/hal_nordic/nrfx/libmodules__hal_nordic__nrfx.a(nrfx_spim.c.obj)
 .text.spim_abort
                0x0000000000059c48       0x2c modules/hal_nordic/nrfx/libmodules__hal_nordic__nrfx.a(nrfx_spim.c.obj)
 .text.irq_handler
                0x0000000000059c74       0x46 modules/hal_nordic/nrfx/libmodules__hal_nordic__nrfx.a(nrfx_spim.c.obj)
 .text.z_impl_k_busy_wait
                0x0000000000059cba        0x8 zephyr/kernel/libkernel.a(busy_wait.c.obj)
                0x0000000000059cba                z_impl_k_busy_wait
 .text.z_device_state_init
                0x0000000000059cc2        0x2 zephyr/kernel/libkernel.a(device.c.obj)
                0x0000000000059cc2                z_device_state_init
 .text.z_device_is_ready
                0x0000000000059cc4       0x16 zephyr/kernel/libkernel.a(device.c.obj)
                0x0000000000059cc4                z_device_is_ready
 .text.arch_system_halt
                0x0000000000059cda       0x12 zephyr/kernel/libkernel.a(fatal.c.obj)
                0x0000000000059cda                arch_system_halt
 .text.z_early_memset
                0x0000000000059cec        0x4 zephyr/kernel/libkernel.a(init.c.obj)
                0x0000000000059cec                z_early_memset
 .text.z_early_memcpy
                0x0000000000059cf0        0x4 zephyr/kernel/libkernel.a(init.c.obj)
                0x0000000000059cf0                z_early_memcpy
 .text.k_is_in_isr
                0x0000000000059cf4        0xc zephyr/kernel/libkernel.a(thread.c.obj)
                0x0000000000059cf4                k_is_in_isr
 .text.z_impl_k_thread_name_set
                0x0000000000059d00        0x6 zephyr/kernel/libkernel.a(thread.c.obj)
                0x0000000000059d00                z_impl_k_thread_name_set
 .text.k_thread_name_get
                0x0000000000059d06        0x4 zephyr/kernel/libkernel.a(thread.c.obj)
                0x0000000000059d06                k_thread_name_get
 .text.idle     0x0000000000059d0a       0x18 zephyr/kernel/libkernel.a(idle.c.obj)
                0x0000000000059d0a                idle
 .text.z_impl_k_sem_init
                0x0000000000059d22       0x18 zephyr/kernel/libkernel.a(sem.c.obj)
                0x0000000000059d22                z_impl_k_sem_init
 .text.sys_dlist_remove
                0x0000000000059d3a       0x10 zephyr/kernel/libkernel.a(sched.c.obj)
 .text.unpend_thread_no_timeout
                0x0000000000059d4a       0x14 zephyr/kernel/libkernel.a(sched.c.obj)
 .text.add_to_waitq_locked
                0x0000000000059d5e       0x50 zephyr/kernel/libkernel.a(sched.c.obj)
 .text.z_ready_thread
                0x0000000000059dae       0x20 zephyr/kernel/libkernel.a(sched.c.obj)
                0x0000000000059dae                z_ready_thread
 .text.z_impl_k_thread_suspend
                0x0000000000059dce       0x36 zephyr/kernel/libkernel.a(sched.c.obj)
                0x0000000000059dce                z_impl_k_thread_suspend
 .text.z_unpend_thread_no_timeout
                0x0000000000059e04       0x24 zephyr/kernel/libkernel.a(sched.c.obj)
                0x0000000000059e04                z_unpend_thread_no_timeout
 .text.z_sched_wake_thread
                0x0000000000059e28       0x44 zephyr/kernel/libkernel.a(sched.c.obj)
                0x0000000000059e28                z_sched_wake_thread
 .text.z_thread_timeout
                0x0000000000059e6c        0x8 zephyr/kernel/libkernel.a(sched.c.obj)
                0x0000000000059e6c                z_thread_timeout
 .text.z_unpend1_no_timeout
                0x0000000000059e74       0x2e zephyr/kernel/libkernel.a(sched.c.obj)
                0x0000000000059e74                z_unpend1_no_timeout
 .text.z_unpend_first_thread
                0x0000000000059ea2       0x38 zephyr/kernel/libkernel.a(sched.c.obj)
                0x0000000000059ea2                z_unpend_first_thread
 .text.z_reschedule_irqlock
                0x0000000000059eda       0x18 zephyr/kernel/libkernel.a(sched.c.obj)
                0x0000000000059eda                z_reschedule_irqlock
 .text.z_reschedule_unlocked
                0x0000000000059ef2       0x14 zephyr/kernel/libkernel.a(sched.c.obj)
 .text.z_thread_abort
                0x0000000000059f06       0x42 zephyr/kernel/libkernel.a(sched.c.obj)
                0x0000000000059f06                z_thread_abort
 .text.z_abort_timeout
                0x0000000000059f48       0x2c zephyr/kernel/libkernel.a(timeout.c.obj)
                0x0000000000059f48                z_abort_timeout
 .text.sys_clock_tick_get_32
                0x0000000000059f74        0x8 zephyr/kernel/libkernel.a(timeout.c.obj)
                0x0000000000059f74                sys_clock_tick_get_32
 .text.z_impl_k_uptime_ticks
                0x0000000000059f7c        0x4 zephyr/kernel/libkernel.a(timeout.c.obj)
                0x0000000000059f7c                z_impl_k_uptime_ticks
 .text.k_timer_init
                0x0000000000059f80       0x18 zephyr/kernel/libkernel.a(timer.c.obj)
                0x0000000000059f80                k_timer_init
 .text.z_impl_k_timer_stop
                0x0000000000059f98       0x3a zephyr/kernel/libkernel.a(timer.c.obj)
                0x0000000000059f98                z_impl_k_timer_stop
 .text.memcpy   0x0000000000059fd2       0x1a /root/zephyr-sdk-0.17.0/arm-zephyr-eabi/bin/../lib/gcc/../../picolibc/arm-zephyr-eabi/lib/thumb/v8-m.main/nofp/libc.a(memcpy.c.o)
                0x0000000000059fd2                memcpy
                0x0000000000059fd2                __aeabi_memcpy
                0x0000000000059fd2                __aeabi_memcpy4
                0x0000000000059fd2                __aeabi_memcpy8
 .text.memset   0x0000000000059fec       0x10 /root/zephyr-sdk-0.17.0/arm-zephyr-eabi/bin/../lib/gcc/../../picolibc/arm-zephyr-eabi/lib/thumb/v8-m.main/nofp/libc.a(memset.c.o)
                0x0000000000059fec                memset
 .text.strnlen  0x0000000000059ffc       0x18 /root/zephyr-sdk-0.17.0/arm-zephyr-eabi/bin/../lib/gcc/../../picolibc/arm-zephyr-eabi/lib/thumb/v8-m.main/nofp/libc.a(libc_string_strnlen.c.o)
                0x0000000000059ffc                strnlen
 .text.__ultoa_invert
                0x000000000005a014       0x4e /root/zephyr-sdk-0.17.0/arm-zephyr-eabi/bin/../lib/gcc/../../picolibc/arm-zephyr-eabi/lib/thumb/v8-m.main/nofp/libc.a(libc_tinystdio_vfprintf.c.o)
 .text.mulShiftAll64
                0x000000000005a062      0x174 /root/zephyr-sdk-0.17.0/arm-zephyr-eabi/bin/../lib/gcc/../../picolibc/arm-zephyr-eabi/lib/thumb/v8-m.main/nofp/libc.a(libc_tinystdio_dtoa_ryu.c.o)
 .text.__umul128
                0x000000000005a1d6       0x36 /root/zephyr-sdk-0.17.0/arm-zephyr-eabi/bin/../lib/gcc/../../picolibc/arm-zephyr-eabi/lib/thumb/v8-m.main/nofp/libc.a(libc_tinystdio_ryu_umul128.c.o)
                0x000000000005a1d6                __umul128
 .text.__shiftright128
                0x000000000005a20c       0x3e /root/zephyr-sdk-0.17.0/arm-zephyr-eabi/bin/../lib/gcc/../../picolibc/arm-zephyr-eabi/lib/thumb/v8-m.main/nofp/libc.a(libc_tinystdio_ryu_umul128.c.o)
                0x000000000005a20c                __shiftright128
 .text.__dtox_engine
                0x000000000005a24a      0x12c /root/zephyr-sdk-0.17.0/arm-zephyr-eabi/bin/../lib/gcc/../../picolibc/arm-zephyr-eabi/lib/thumb/v8-m.main/nofp/libc.a(libc_tinystdio_dtox_engine.c.o)
                0x000000000005a24a                __dtox_engine
 .text.__file_str_put
                0x000000000005a376       0x10 /root/zephyr-sdk-0.17.0/arm-zephyr-eabi/bin/../lib/gcc/../../picolibc/arm-zephyr-eabi/lib/thumb/v8-m.main/nofp/libc.a(libc_tinystdio_filestrput.c.o)
                0x000000000005a376                __file_str_put
 *(SORT_BY_ALIGNMENT(.TEXT.*))
 *fill*         0x000000000005a386        0x2 
 .TEXT.__aeabi_read_tp
                0x000000000005a388        0xc zephyr/arch/arch/arm/core/cortex_m/libarch__arm__core__cortex_m.a(__aeabi_read_tp.S.obj)
                0x000000000005a388                __aeabi_read_tp
 *(SORT_BY_ALIGNMENT(.gnu.linkonce.t.*))
 *(SORT_BY_ALIGNMENT(.glue_7t))
 .glue_7t       0x000000000005a394        0x0 linker stubs
 *(SORT_BY_ALIGNMENT(.glue_7))
 .glue_7        0x000000000005a394        0x0 linker stubs
 *(SORT_BY_ALIGNMENT(.vfp11_veneer))
 .vfp11_veneer  0x000000000005a394        0x0 linker stubs
 *(SORT_BY_ALIGNMENT(.v4_bx))
 .v4_bx         0x000000000005a394        0x0 linker stubs
                0x000000000005a394                . = ALIGN (0x4)
                0x000000000005a394                __text_region_end = .

.ARM.exidx      0x000000000005a394        0x8
                0x000000000005a394                __exidx_start = .
 *(SORT_BY_ALIGNMENT(.ARM.exidx*) SORT_BY_ALIGNMENT(gnu.linkonce.armexidx.*))
 .ARM.exidx     0x000000000005a394        0x8 /root/zephyr-sdk-0.17.0/arm-zephyr-eabi/bin/../lib/gcc/arm-zephyr-eabi/12.2.0/thumb/v8-m.main/nofp/libgcc.a(_udivmoddi4.o)
 .ARM.exidx     0x000000000005a39c        0x0 /root/zephyr-sdk-0.17.0/arm-zephyr-eabi/bin/../lib/gcc/../../picolibc/arm-zephyr-eabi/lib/thumb/v8-m.main/nofp/libc.a(strlen.S.o)
                                          0x8 (size before relaxing)
                0x000000000005a39c                __exidx_end = .
                0x000000000005a39c                __rodata_region_start = .

initlevel       0x000000000005a39c       0x70
                0x000000000005a39c                __init_start = .
                0x000000000005a39c                __init_EARLY_start = .
 *(SORT_BY_NAME(SORT_BY_ALIGNMENT(.z_init_EARLY?_*)))
 *(SORT_BY_NAME(SORT_BY_ALIGNMENT(.z_init_EARLY??_*)))
                0x000000000005a39c                __init_PRE_KERNEL_1_start = .
 *(SORT_BY_NAME(SORT_BY_ALIGNMENT(.z_init_PRE_KERNEL_1?_*)))
 .z_init_PRE_KERNEL_10_0_
                0x000000000005a39c        0x8 zephyr/soc/soc/arm/nordic_nrf/libsoc__arm__nordic_nrf.a(soc.c.obj)
 *(SORT_BY_NAME(SORT_BY_ALIGNMENT(.z_init_PRE_KERNEL_1??_*)))
 .z_init_PRE_KERNEL_130_00078_
                0x000000000005a3a4        0x8 zephyr/drivers/clock_control/libdrivers__clock_control.a(clock_control_nrf.c.obj)
 .z_init_PRE_KERNEL_140_00011_
                0x000000000005a3ac        0x8 zephyr/drivers/gpio/libdrivers__gpio.a(gpio_nrfx.c.obj)
 .z_init_PRE_KERNEL_140_00012_
                0x000000000005a3b4        0x8 zephyr/drivers/gpio/libdrivers__gpio.a(gpio_nrfx.c.obj)
 .z_init_PRE_KERNEL_155_00115_
                0x000000000005a3bc        0x8 zephyr/drivers/serial/libdrivers__serial.a(uart_nrfx_uarte.c.obj)
 .z_init_PRE_KERNEL_160_0_
                0x000000000005a3c4        0x8 zephyr/drivers/console/libdrivers__console.a(uart_console.c.obj)
                0x000000000005a3cc                __init_PRE_KERNEL_2_start = .
 *(SORT_BY_NAME(SORT_BY_ALIGNMENT(.z_init_PRE_KERNEL_2?_*)))
 .z_init_PRE_KERNEL_20_0_
                0x000000000005a3cc        0x8 zephyr/drivers/timer/libdrivers__timer.a(nrf_rtc_timer.c.obj)
 *(SORT_BY_NAME(SORT_BY_ALIGNMENT(.z_init_PRE_KERNEL_2??_*)))
                0x000000000005a3d4                __init_POST_KERNEL_start = .
 *(SORT_BY_NAME(SORT_BY_ALIGNMENT(.z_init_POST_KERNEL?_*)))
 .z_init_POST_KERNEL0_0_
                0x000000000005a3d4        0x8 zephyr/libzephyr.a(log_core.c.obj)
 .z_init_POST_KERNEL0_0_
                0x000000000005a3dc        0x8 zephyr/soc/soc/arm/nordic_nrf/libsoc__arm__nordic_nrf.a(soc.c.obj)
 *(SORT_BY_NAME(SORT_BY_ALIGNMENT(.z_init_POST_KERNEL??_*)))
 .z_init_POST_KERNEL40_00027_
                0x000000000005a3e4        0x8 zephyr/drivers/mbox/libdrivers__mbox.a(mbox_nrfx_ipc.c.obj)
 .z_init_POST_KERNEL40_0_
                0x000000000005a3ec        0x8 zephyr/lib/libc/common/liblib__libc__common.a(malloc.c.obj)
 .z_init_POST_KERNEL70_00138_
                0x000000000005a3f4        0x8 zephyr/drivers/spi/libdrivers__spi.a(spi_nrfx_spim.c.obj)
 .z_init_POST_KERNEL70_00140_
                0x000000000005a3fc        0x8 zephyr/drivers/spi/libdrivers__spi.a(spi_nrfx_spim.c.obj)
 .z_init_POST_KERNEL90_0_
                0x000000000005a404        0x8 zephyr/soc/soc/arm/nordic_nrf/libsoc__arm__nordic_nrf.a(sync_rtc.c.obj)
                0x000000000005a40c                __init_APPLICATION_start = .
 *(SORT_BY_NAME(SORT_BY_ALIGNMENT(.z_init_APPLICATION?_*)))
 *(SORT_BY_NAME(SORT_BY_ALIGNMENT(.z_init_APPLICATION??_*)))
                0x000000000005a40c                __init_SMP_start = .
 *(SORT_BY_NAME(SORT_BY_ALIGNMENT(.z_init_SMP?_*)))
 *(SORT_BY_NAME(SORT_BY_ALIGNMENT(.z_init_SMP??_*)))
                0x000000000005a40c                __init_end = .

device_area     0x000000000005a40c       0x8c
                0x000000000005a40c                _device_list_start = .
 *(SORT_BY_NAME(SORT_BY_ALIGNMENT(._device.static.*_?_*)))
 *(SORT_BY_NAME(SORT_BY_ALIGNMENT(._device.static.*_??_*)))
 ._device.static.1_30_
                0x000000000005a40c       0x14 zephyr/drivers/clock_control/libdrivers__clock_control.a(clock_control_nrf.c.obj)
                0x000000000005a40c                __device_dts_ord_78
 ._device.static.1_40_
                0x000000000005a420       0x28 zephyr/drivers/gpio/libdrivers__gpio.a(gpio_nrfx.c.obj)
                0x000000000005a420                __device_dts_ord_12
                0x000000000005a434                __device_dts_ord_11
 ._device.static.1_55_
                0x000000000005a448       0x14 zephyr/drivers/serial/libdrivers__serial.a(uart_nrfx_uarte.c.obj)
                0x000000000005a448                __device_dts_ord_115
 ._device.static.3_40_
                0x000000000005a45c       0x14 zephyr/drivers/mbox/libdrivers__mbox.a(mbox_nrfx_ipc.c.obj)
                0x000000000005a45c                __device_dts_ord_27
 ._device.static.3_70_
                0x000000000005a470       0x28 zephyr/drivers/spi/libdrivers__spi.a(spi_nrfx_spim.c.obj)
                0x000000000005a470                __device_dts_ord_140
                0x000000000005a484                __device_dts_ord_138
                0x000000000005a498                _device_list_end = .

sw_isr_table    0x000000000005a498      0x228
                0x000000000005a498                . = ALIGN (0x4)
 *(SORT_BY_ALIGNMENT(.gnu.linkonce.sw_isr_table*))
 .gnu.linkonce.sw_isr_table
                0x000000000005a498      0x228 zephyr/arch/common/libisr_tables.a(isr_tables.c.obj)
                0x000000000005a498                _sw_isr_table

initlevel_error
                0x000000000005a39c        0x0
 *(SORT_BY_NAME(SORT_BY_ALIGNMENT(.z_init_[_A-Z0-9]*)))
                0x0000000000000001                ASSERT ((SIZEOF (initlevel_error) == 0x0), Undefined initialization levels used.)

app_shmem_regions
                0x000000000005a6c0        0x0
                0x000000000005a6c0                __app_shmem_regions_start = .
 *(SORT_BY_NAME(SORT_BY_ALIGNMENT(.app_regions.*)))
                0x000000000005a6c0                __app_shmem_regions_end = .

k_p4wq_initparam_area
                0x000000000005a6c0        0x0
                0x000000000005a6c0                _k_p4wq_initparam_list_start = .
 *(SORT_BY_NAME(SORT_BY_ALIGNMENT(._k_p4wq_initparam.static.*)))
                0x000000000005a6c0                _k_p4wq_initparam_list_end = .

_static_thread_data_area
                0x000000000005a6c0        0x0
                0x000000000005a6c0                __static_thread_data_list_start = .
 *(SORT_BY_NAME(SORT_BY_ALIGNMENT(.__static_thread_data.static.*)))
                0x000000000005a6c0                __static_thread_data_list_end = .

device_deps     0x000000000005a6c0        0x0
                0x000000000005a6c0                __device_deps_start = .
 *(SORT_BY_NAME(SORT_BY_ALIGNMENT(.__device_deps_pass2*)))
                0x000000000005a6c0                __device_deps_end = .

ztest           0x000000000005a6c0        0x0
                0x000000000005a6c0                _ztest_expected_result_entry_list_start = .
 *(SORT_BY_NAME(SORT_BY_ALIGNMENT(._ztest_expected_result_entry.static.*)))
                0x000000000005a6c0                _ztest_expected_result_entry_list_end = .
                0x000000000005a6c0                _ztest_suite_node_list_start = .
 *(SORT_BY_NAME(SORT_BY_ALIGNMENT(._ztest_suite_node.static.*)))
                0x000000000005a6c0                _ztest_suite_node_list_end = .
                0x000000000005a6c0                _ztest_unit_test_list_start = .
 *(SORT_BY_NAME(SORT_BY_ALIGNMENT(._ztest_unit_test.static.*)))
                0x000000000005a6c0                _ztest_unit_test_list_end = .
                0x000000000005a6c0                _ztest_test_rule_list_start = .
 *(SORT_BY_NAME(SORT_BY_ALIGNMENT(._ztest_test_rule.static.*)))
                0x000000000005a6c0                _ztest_test_rule_list_end = .

bt_l2cap_fixed_chan_area
                0x000000000005a6c0        0x0
                0x000000000005a6c0                _bt_l2cap_fixed_chan_list_start = .
 *(SORT_BY_NAME(SORT_BY_ALIGNMENT(._bt_l2cap_fixed_chan.static.*)))
                0x000000000005a6c0                _bt_l2cap_fixed_chan_list_end = .

bt_gatt_service_static_area
                0x000000000005a6c0        0x0
                0x000000000005a6c0                _bt_gatt_service_static_list_start = .
 *(SORT_BY_NAME(SORT_BY_ALIGNMENT(._bt_gatt_service_static.static.*)))
                0x000000000005a6c0                _bt_gatt_service_static_list_end = .

log_strings_area
                0x000000000005a6c0        0x0
                0x000000000005a6c0                _log_strings_list_start = .
 *(SORT_BY_NAME(SORT_BY_ALIGNMENT(._log_strings.static.*)))
                0x000000000005a6c0                _log_strings_list_end = .

log_const_area  0x000000000005a6c0       0x68
                0x000000000005a6c0                _log_const_list_start = .
 *(SORT_BY_NAME(SORT_BY_ALIGNMENT(._log_const.static.*)))
 ._log_const.static.log_const_Lesson5_Exercise1_
                0x000000000005a6c0        0x8 app/libapp.a(main.c.obj)
                0x000000000005a6c0                log_const_Lesson5_Exercise1
 ._log_const.static.log_const_cbprintf_package_
                0x000000000005a6c8        0x8 zephyr/libzephyr.a(cbprintf_packaged.c.obj)
                0x000000000005a6c8                log_const_cbprintf_package
 ._log_const.static.log_const_clock_control_
                0x000000000005a6d0        0x8 zephyr/drivers/clock_control/libdrivers__clock_control.a(clock_control_nrf.c.obj)
                0x000000000005a6d0                log_const_clock_control
 ._log_const.static.log_const_log_
                0x000000000005a6d8        0x8 zephyr/libzephyr.a(log_core.c.obj)
                0x000000000005a6d8                log_const_log
 ._log_const.static.log_const_log_mgmt_
                0x000000000005a6e0        0x8 zephyr/libzephyr.a(log_mgmt.c.obj)
                0x000000000005a6e0                log_const_log_mgmt
 ._log_const.static.log_const_log_uart_
                0x000000000005a6e8        0x8 zephyr/libzephyr.a(log_backend_uart.c.obj)
                0x000000000005a6e8                log_const_log_uart
 ._log_const.static.log_const_mbox_nrfx_ipc_
                0x000000000005a6f0        0x8 zephyr/drivers/mbox/libdrivers__mbox.a(mbox_nrfx_ipc.c.obj)
                0x000000000005a6f0                log_const_mbox_nrfx_ipc
 ._log_const.static.log_const_mpu_
                0x000000000005a6f8        0x8 zephyr/arch/arch/arm/core/mpu/libarch__arm__core__mpu.a(arm_core_mpu.c.obj)
                0x000000000005a6f8                log_const_mpu
 ._log_const.static.log_const_os_
                0x000000000005a700        0x8 zephyr/kernel/libkernel.a(init.c.obj)
                0x000000000005a700                log_const_os
 ._log_const.static.log_const_soc_
                0x000000000005a708        0x8 zephyr/soc/soc/arm/nordic_nrf/libsoc__arm__nordic_nrf.a(soc.c.obj)
                0x000000000005a708                log_const_soc
 ._log_const.static.log_const_spi_nrfx_spim_
                0x000000000005a710        0x8 zephyr/drivers/spi/libdrivers__spi.a(spi_nrfx_spim.c.obj)
                0x000000000005a710                log_const_spi_nrfx_spim
 ._log_const.static.log_const_sync_rtc_
                0x000000000005a718        0x8 zephyr/soc/soc/arm/nordic_nrf/libsoc__arm__nordic_nrf.a(sync_rtc.c.obj)
                0x000000000005a718                log_const_sync_rtc
 ._log_const.static.log_const_uart_nrfx_uarte_
                0x000000000005a720        0x8 zephyr/drivers/serial/libdrivers__serial.a(uart_nrfx_uarte.c.obj)
                0x000000000005a720                log_const_uart_nrfx_uarte
                0x000000000005a728                _log_const_list_end = .

log_backend_area
                0x000000000005a728       0x10
                0x000000000005a728                _log_backend_list_start = .
 *(SORT_BY_NAME(SORT_BY_ALIGNMENT(._log_backend.static.*)))
 ._log_backend.static.log_backend_uart_
                0x000000000005a728       0x10 zephyr/libzephyr.a(log_backend_uart.c.obj)
                0x000000000005a738                _log_backend_list_end = .

log_link_area   0x000000000005a738        0x0
                0x000000000005a738                _log_link_list_start = .
 *(SORT_BY_NAME(SORT_BY_ALIGNMENT(._log_link.static.*)))
                0x000000000005a738                _log_link_list_end = .

tracing_backend_area
                0x000000000005a738        0x0
                0x000000000005a738                _tracing_backend_list_start = .
 *(SORT_BY_NAME(SORT_BY_ALIGNMENT(._tracing_backend.static.*)))
                0x000000000005a738                _tracing_backend_list_end = .

zephyr_dbg_info
 *(SORT_BY_ALIGNMENT(.dbg_thread_info))

symbol_to_keep  0x000000000005a738        0x0
                0x000000000005a738                __symbol_to_keep_start = .
 *(SORT_BY_NAME(SORT_BY_ALIGNMENT(.symbol_to_keep*)))
                0x000000000005a738                __symbol_to_keep_end = .

shell_area      0x000000000005a738        0x0
                0x000000000005a738                _shell_list_start = .
 *(SORT_BY_NAME(SORT_BY_ALIGNMENT(._shell.static.*)))
                0x000000000005a738                _shell_list_end = .

shell_root_cmds_area
                0x000000000005a738        0x0
                0x000000000005a738                _shell_root_cmds_list_start = .
 *(SORT_BY_NAME(SORT_BY_ALIGNMENT(._shell_root_cmds.static.*)))
                0x000000000005a738                _shell_root_cmds_list_end = .

shell_subcmds_area
                0x000000000005a738        0x0
                0x000000000005a738                _shell_subcmds_list_start = .
 *(SORT_BY_NAME(SORT_BY_ALIGNMENT(._shell_subcmds.static.*)))
                0x000000000005a738                _shell_subcmds_list_end = .

shell_dynamic_subcmds_area
                0x000000000005a738        0x0
                0x000000000005a738                _shell_dynamic_subcmds_list_start = .
 *(SORT_BY_NAME(SORT_BY_ALIGNMENT(._shell_dynamic_subcmds.static.*)))
                0x000000000005a738                _shell_dynamic_subcmds_list_end = .

cfb_font_area   0x000000000005a738        0x0
                0x000000000005a738                _cfb_font_list_start = .
 *(SORT_BY_NAME(SORT_BY_ALIGNMENT(._cfb_font.static.*)))
                0x000000000005a738                _cfb_font_list_end = .

tdata           0x000000000005a738        0x0
 *(SORT_BY_ALIGNMENT(.tdata) SORT_BY_ALIGNMENT(.tdata.*) SORT_BY_ALIGNMENT(.gnu.linkonce.td.*))

tbss            0x000000000005a738        0x4
 *(SORT_BY_ALIGNMENT(.tbss) SORT_BY_ALIGNMENT(.tbss.*) SORT_BY_ALIGNMENT(.gnu.linkonce.tb.*) SORT_BY_ALIGNMENT(.tcommon))
 .tbss.z_tls_current
                0x000000000005a738        0x4 zephyr/libzephyr.a(thread_entry.c.obj)
                0x000000000005a738                z_tls_current
                0x000000000005a738                PROVIDE (__tdata_start = LOADADDR (tdata))
                0x0000000000000000                PROVIDE (__tdata_size = SIZEOF (tdata))
                [!provide]                        PROVIDE (__tdata_end = (__tdata_start + __tdata_size))
                0x0000000000000001                PROVIDE (__tdata_align = ALIGNOF (tdata))
                [!provide]                        PROVIDE (__tbss_start = ADDR (tbss))
                0x0000000000000004                PROVIDE (__tbss_size = SIZEOF (tbss))
                [!provide]                        PROVIDE (__tbss_end = (__tbss_start + __tbss_size))
                0x0000000000000004                PROVIDE (__tbss_align = ALIGNOF (tbss))
                [!provide]                        PROVIDE (__tls_start = __tdata_start)
                [!provide]                        PROVIDE (__tls_end = __tbss_end)
                [!provide]                        PROVIDE (__tls_size = (__tbss_end - __tdata_start))

rodata          0x000000000005a740     0x1690
 *(SORT_BY_ALIGNMENT(.rodata))
 *(SORT_BY_ALIGNMENT(.rodata.*))
 .rodata.delay_machine_code.0